Archive member included to satisfy reference by file (symbol)

/opt/st/stm32cubeide_2.1.1/plugins/com.st.stm32cube.ide.mcu.externaltools.gnu-tools-for-stm32.14.3.rel1.linux64_1.0.100.202602081740/tools/bin/../lib/gcc/arm-none-eabi/14.3.1/../../../../arm-none-eabi/lib/thumb/v7-m/nofp/libc_nano.a(libc_a-exit.o)
                              /opt/st/stm32cubeide_2.1.1/plugins/com.st.stm32cube.ide.mcu.externaltools.gnu-tools-for-stm32.14.3.rel1.linux64_1.0.100.202602081740/tools/bin/../lib/gcc/arm-none-eabi/14.3.1/../../../../arm-none-eabi/lib/thumb/v7-m/nofp/crt0.o (exit)
/opt/st/stm32cubeide_2.1.1/plugins/com.st.stm32cube.ide.mcu.externaltools.gnu-tools-for-stm32.14.3.rel1.linux64_1.0.100.202602081740/tools/bin/../lib/gcc/arm-none-eabi/14.3.1/../../../../arm-none-eabi/lib/thumb/v7-m/nofp/libc_nano.a(libc_a-malloc.o)
                              ./Core/Src/httpServer.o (malloc)
/opt/st/stm32cubeide_2.1.1/plugins/com.st.stm32cube.ide.mcu.externaltools.gnu-tools-for-stm32.14.3.rel1.linux64_1.0.100.202602081740/tools/bin/../lib/gcc/arm-none-eabi/14.3.1/../../../../arm-none-eabi/lib/thumb/v7-m/nofp/libc_nano.a(libc_a-mallocr.o)
                              /opt/st/stm32cubeide_2.1.1/plugins/com.st.stm32cube.ide.mcu.externaltools.gnu-tools-for-stm32.14.3.rel1.linux64_1.0.100.202602081740/tools/bin/../lib/gcc/arm-none-eabi/14.3.1/../../../../arm-none-eabi/lib/thumb/v7-m/nofp/libc_nano.a(libc_a-malloc.o) (_malloc_r)
/opt/st/stm32cubeide_2.1.1/plugins/com.st.stm32cube.ide.mcu.externaltools.gnu-tools-for-stm32.14.3.rel1.linux64_1.0.100.202602081740/tools/bin/../lib/gcc/arm-none-eabi/14.3.1/../../../../arm-none-eabi/lib/thumb/v7-m/nofp/libc_nano.a(libc_a-mlock.o)
                              /opt/st/stm32cubeide_2.1.1/plugins/com.st.stm32cube.ide.mcu.externaltools.gnu-tools-for-stm32.14.3.rel1.linux64_1.0.100.202602081740/tools/bin/../lib/gcc/arm-none-eabi/14.3.1/../../../../arm-none-eabi/lib/thumb/v7-m/nofp/libc_nano.a(libc_a-mallocr.o) (__malloc_lock)
/opt/st/stm32cubeide_2.1.1/plugins/com.st.stm32cube.ide.mcu.externaltools.gnu-tools-for-stm32.14.3.rel1.linux64_1.0.100.202602081740/tools/bin/../lib/gcc/arm-none-eabi/14.3.1/../../../../arm-none-eabi/lib/thumb/v7-m/nofp/libc_nano.a(libc_a-strtol.o)
                              ./Core/Src/httpServer.o (strtol)
/opt/st/stm32cubeide_2.1.1/plugins/com.st.stm32cube.ide.mcu.externaltools.gnu-tools-for-stm32.14.3.rel1.linux64_1.0.100.202602081740/tools/bin/../lib/gcc/arm-none-eabi/14.3.1/../../../../arm-none-eabi/lib/thumb/v7-m/nofp/libc_nano.a(libc_a-strtoul.o)
                              ./Core/Src/httpServer.o (strtoul)
/opt/st/stm32cubeide_2.1.1/plugins/com.st.stm32cube.ide.mcu.externaltools.gnu-tools-for-stm32.14.3.rel1.linux64_1.0.100.202602081740/tools/bin/../lib/gcc/arm-none-eabi/14.3.1/../../../../arm-none-eabi/lib/thumb/v7-m/nofp/libc_nano.a(libc_a-ctype_.o)
                              /opt/st/stm32cubeide_2.1.1/plugins/com.st.stm32cube.ide.mcu.externaltools.gnu-tools-for-stm32.14.3.rel1.linux64_1.0.100.202602081740/tools/bin/../lib/gcc/arm-none-eabi/14.3.1/../../../../arm-none-eabi/lib/thumb/v7-m/nofp/libc_nano.a(libc_a-strtol.o) (_ctype_)
/opt/st/stm32cubeide_2.1.1/plugins/com.st.stm32cube.ide.mcu.externaltools.gnu-tools-for-stm32.14.3.rel1.linux64_1.0.100.202602081740/tools/bin/../lib/gcc/arm-none-eabi/14.3.1/../../../../arm-none-eabi/lib/thumb/v7-m/nofp/libc_nano.a(libc_a-findfp.o)
                              /opt/st/stm32cubeide_2.1.1/plugins/com.st.stm32cube.ide.mcu.externaltools.gnu-tools-for-stm32.14.3.rel1.linux64_1.0.100.202602081740/tools/bin/../lib/gcc/arm-none-eabi/14.3.1/../../../../arm-none-eabi/lib/thumb/v7-m/nofp/libc_nano.a(libc_a-exit.o) (__stdio_exit_handler)
/opt/st/stm32cubeide_2.1.1/plugins/com.st.stm32cube.ide.mcu.externaltools.gnu-tools-for-stm32.14.3.rel1.linux64_1.0.100.202602081740/tools/bin/../lib/gcc/arm-none-eabi/14.3.1/../../../../arm-none-eabi/lib/thumb/v7-m/nofp/libc_nano.a(libc_a-fwalk.o)
                              /opt/st/stm32cubeide_2.1.1/plugins/com.st.stm32cube.ide.mcu.externaltools.gnu-tools-for-stm32.14.3.rel1.linux64_1.0.100.202602081740/tools/bin/../lib/gcc/arm-none-eabi/14.3.1/../../../../arm-none-eabi/lib/thumb/v7-m/nofp/libc_nano.a(libc_a-findfp.o) (_fwalk_sglue)
/opt/st/stm32cubeide_2.1.1/plugins/com.st.stm32cube.ide.mcu.externaltools.gnu-tools-for-stm32.14.3.rel1.linux64_1.0.100.202602081740/tools/bin/../lib/gcc/arm-none-eabi/14.3.1/../../../../arm-none-eabi/lib/thumb/v7-m/nofp/libc_nano.a(libc_a-printf.o)
                              ./Core/Src/W25Qxx.o (printf)
/opt/st/stm32cubeide_2.1.1/plugins/com.st.stm32cube.ide.mcu.externaltools.gnu-tools-for-stm32.14.3.rel1.linux64_1.0.100.202602081740/tools/bin/../lib/gcc/arm-none-eabi/14.3.1/../../../../arm-none-eabi/lib/thumb/v7-m/nofp/libc_nano.a(libc_a-puts.o)
                              ./Core/Src/httpServer.o (puts)
[...]
Memory Configuration

Name             Origin             Length             Attributes
RAM              0x20000000         0x00005000         xrw
FLASH            0x08000000         0x00010000         xr
*default*        0x00000000         0xffffffff

Linker script and memory map

LOAD /opt/st/stm32cubeide_2.1.1/plugins/com.st.stm32cube.ide.mcu.externaltools.gnu-tools-for-stm32.14.3.rel1.linux64_1.0.100.202602081740/tools/bin/../lib/gcc/arm-none-eabi/14.3.1/thumb/v7-m/nofp/crti.o
LOAD /opt/st/stm32cubeide_2.1.1/plugins/com.st.stm32cube.ide.mcu.externaltools.gnu-tools-for-stm32.14.3.rel1.linux64_1.0.100.202602081740/tools/bin/../lib/gcc/arm-none-eabi/14.3.1/thumb/v7-m/nofp/crtbegin.o
LOAD /opt/st/stm32cubeide_2.1.1/plugins/com.st.stm32cube.ide.mcu.externaltools.gnu-tools-for-stm32.14.3.rel1.linux64_1.0.100.202602081740/tools/bin/../lib/gcc/arm-none-eabi/14.3.1/../../../../arm-none-eabi/lib/thumb/v7-m/nofp/crt0.o
LOAD ./Core/Src/W25Qxx.o
LOAD ./Core/Src/crc.o
LOAD ./Core/Src/crcFunc.o
LOAD ./Core/Src/dhcp.o
LOAD ./Core/Src/gpio.o
LOAD ./Core/Src/httpParser.o
LOAD ./Core/Src/httpServer.o
LOAD ./Core/Src/httpUtil.o
LOAD ./Core/Src/main.o
LOAD ./Core/Src/socket.o
LOAD ./Core/Src/spi.o
LOAD ./Core/Src/stm32f1xx_hal_msp.o
LOAD ./Core/Src/stm32f1xx_it.o
LOAD ./Core/Src/syscalls.o
LOAD ./Core/Src/sysmem.o
LOAD ./Core/Src/system_stm32f1xx.o
LOAD ./Core/Src/usart.o
LOAD ./Core/Src/w5500.o
LOAD ./Core/Src/wizchip_conf.o
LOAD ./Core/Startup/startup_stm32f103c8tx.o
LOAD ./Drivers/STM32F1xx_HAL_Driver/Src/stm32f1xx_hal.o
LOAD ./Drivers/STM32F1xx_HAL_Driver/Src/stm32f1xx_hal_cortex.o
LOAD ./Drivers/STM32F1xx_HAL_Driver/Src/stm32f1xx_hal_crc.o
LOAD ./Drivers/STM32F1xx_HAL_Driver/Src/stm32f1xx_hal_dma.o
LOAD ./Drivers/STM32F1xx_HAL_Driver/Src/stm32f1xx_hal_exti.o
LOAD ./Drivers/STM32F1xx_HAL_Driver/Src/stm32f1xx_hal_flash.o
LOAD ./Drivers/STM32F1xx_HAL_Driver/Src/stm32f1xx_hal_flash_ex.o
LOAD ./Drivers/STM32F1xx_HAL_Driver/Src/stm32f1xx_hal_gpio.o
LOAD ./Drivers/STM32F1xx_HAL_Driver/Src/stm32f1xx_hal_gpio_ex.o
LOAD ./Drivers/STM32F1xx_HAL_Driver/Src/stm32f1xx_hal_pwr.o
LOAD ./Drivers/STM32F1xx_HAL_Driver/Src/stm32f1xx_hal_rcc.o
LOAD ./Drivers/STM32F1xx_HAL_Driver/Src/stm32f1xx_hal_rcc_ex.o
LOAD ./Drivers/STM32F1xx_HAL_Driver/Src/stm32f1xx_hal_spi.o
LOAD ./Drivers/STM32F1xx_HAL_Driver/Src/stm32f1xx_hal_uart.o
START GROUP
LOAD /opt/st/stm32cubeide_2.1.1/plugins/com.st.stm32cube.ide.mcu.externaltools.gnu-tools-for-stm32.14.3.rel1.linux64_1.0.100.202602081740/tools/bin/../lib/gcc/arm-none-eabi/14.3.1/../../../../arm-none-eabi/lib/thumb/v7-m/nofp/libc_nano.a
LOAD /opt/st/stm32cubeide_2.1.1/plugins/com.st.stm32cube.ide.mcu.externaltools.gnu-tools-for-stm32.14.3.rel1.linux64_1.0.100.202602081740/tools/bin/../lib/gcc/arm-none-eabi/14.3.1/../../../../arm-none-eabi/lib/thumb/v7-m/nofp/libm.a
END GROUP
START GROUP
LOAD /opt/st/stm32cubeide_2.1.1/plugins/com.st.stm32cube.ide.mcu.externaltools.gnu-tools-for-stm32.14.3.rel1.linux64_1.0.100.202602081740/tools/bin/../lib/gcc/arm-none-eabi/14.3.1/thumb/v7-m/nofp/libgcc.a
LOAD /opt/st/stm32cubeide_2.1.1/plugins/com.st.stm32cube.ide.mcu.externaltools.gnu-tools-for-stm32.14.3.rel1.linux64_1.0.100.202602081740/tools/bin/../lib/gcc/arm-none-eabi/14.3.1/../../../../arm-none-eabi/lib/thumb/v7-m/nofp/libc_nano.a
END GROUP
START GROUP
LOAD /opt/st/stm32cubeide_2.1.1/plugins/com.st.stm32cube.ide.mcu.externaltools.gnu-tools-for-stm32.14.3.rel1.linux64_1.0.100.202602081740/tools/bin/../lib/gcc/arm-none-eabi/14.3.1/thumb/v7-m/nofp/libgcc.a
LOAD /opt/st/stm32cubeide_2.1.1/plugins/com.st.stm32cube.ide.mcu.externaltools.gnu-tools-for-stm32.14.3.rel1.linux64_1.0.100.202602081740/tools/bin/../lib/gcc/arm-none-eabi/14.3.1/../../../../arm-none-eabi/lib/thumb/v7-m/nofp/libc_nano.a
LOAD /opt/st/stm32cubeide_2.1.1/plugins/com.st.stm32cube.ide.mcu.externaltools.gnu-tools-for-stm32.14.3.rel1.linux64_1.0.100.202602081740/tools/bin/../lib/gcc/arm-none-eabi/14.3.1/../../../../arm-none-eabi/lib/thumb/v7-m/nofp/libnosys.a
END GROUP
START GROUP
LOAD /opt/st/stm32cubeide_2.1.1/plugins/com.st.stm32cube.ide.mcu.externaltools.gnu-tools-for-stm32.14.3.rel1.linux64_1.0.100.202602081740/tools/bin/../lib/gcc/arm-none-eabi/14.3.1/thumb/v7-m/nofp/libgcc.a
LOAD /opt/st/stm32cubeide_2.1.1/plugins/com.st.stm32cube.ide.mcu.externaltools.gnu-tools-for-stm32.14.3.rel1.linux64_1.0.100.202602081740/tools/bin/../lib/gcc/arm-none-eabi/14.3.1/../../../../arm-none-eabi/lib/thumb/v7-m/nofp/libc_nano.a
LOAD /opt/st/stm32cubeide_2.1.1/plugins/com.st.stm32cube.ide.mcu.externaltools.gnu-tools-for-stm32.14.3.rel1.linux64_1.0.100.202602081740/tools/bin/../lib/gcc/arm-none-eabi/14.3.1/../../../../arm-none-eabi/lib/thumb/v7-m/nofp/libnosys.a
END GROUP
LOAD /opt/st/stm32cubeide_2.1.1/plugins/com.st.stm32cube.ide.mcu.externaltools.gnu-tools-for-stm32.14.3.rel1.linux64_1.0.100.202602081740/tools/bin/../lib/gcc/arm-none-eabi/14.3.1/thumb/v7-m/nofp/crtend.o
LOAD /opt/st/stm32cubeide_2.1.1/plugins/com.st.stm32cube.ide.mcu.externaltools.gnu-tools-for-stm32.14.3.rel1.linux64_1.0.100.202602081740/tools/bin/../lib/gcc/arm-none-eabi/14.3.1/thumb/v7-m/nofp/crtn.o
                0x20005000                        _estack = (ORIGIN (RAM) + LENGTH (RAM))
                0x00000200                        _Min_Heap_Size = 0x200
                0x00000400                        _Min_Stack_Size = 0x400

.isr_vector     0x08000000      0x10c
                0x08000000                        . = ALIGN (0x4)
 *(.isr_vector)
 .isr_vector    0x08000000      0x10c ./Core/Startup/startup_stm32f103c8tx.o
                0x08000000                g_pfnVectors
                0x0800010c                        . = ALIGN (0x4)

.text           0x0800010c     0x9c00
                0x0800010c                        . = ALIGN (0x4)
 *(.text)
 .text          0x0800010c       0x40 /opt/st/stm32cubeide_2.1.1/plugins/com.st.stm32cube.ide.mcu.externaltools.gnu-tools-for-stm32.14.3.rel1.linux64_1.0.100.202602081740/tools/bin/../lib/gcc/arm-none-eabi/14.3.1/thumb/v7-m/nofp/crtbegin.o
 .text          0x0800014c       0x14 /opt/st/stm32cubeide_2.1.1/plugins/com.st.stm32cube.ide.mcu.externaltools.gnu-tools-for-stm32.14.3.rel1.linux64_1.0.100.202602081740/tools/bin/../lib/gcc/arm-none-eabi/14.3.1/../../../../arm-none-eabi/lib/thumb/v7-m/nofp/libc_nano.a(libc_a-strcmp.o)
                0x0800014c                strcmp
 .text          0x08000160       0x10 /opt/st/stm32cubeide_2.1.1/plugins/com.st.stm32cube.ide.mcu.externaltools.gnu-tools-for-stm32.14.3.rel1.linux64_1.0.100.202602081740/tools/bin/../lib/gcc/arm-none-eabi/14.3.1/../../../../arm-none-eabi/lib/thumb/v7-m/nofp/libc_nano.a(libc_a-strlen.o)
                0x08000160                strlen
 *(.text*)
 .text.W25Q_Delay
                0x08000170       0x16 ./Core/Src/W25Qxx.o
                0x08000170                W25Q_Delay
 *fill*         0x08000186        0x2 
 .text.csLOW    0x08000188       0x18 ./Core/Src/W25Qxx.o
                0x08000188                csLOW
 .text.csHIGH   0x080001a0       0x18 ./Core/Src/W25Qxx.o
                0x080001a0                csHIGH
 .text.SPI_Write
                0x080001b8       0x28 ./Core/Src/W25Qxx.o
                0x080001b8                SPI_Write
 .text.SPI_Read
                0x080001e0       0x28 ./Core/Src/W25Qxx.o
                0x080001e0                SPI_Read
 .text.W25Q_Reset
                0x08000208       0x2e ./Core/Src/W25Qxx.o
                0x08000208                W25Q_Reset
 .text.W25Q_ReadID
                0x08000236       0x3c ./Core/Src/W25Qxx.o
                0x08000236                W25Q_ReadID
 .text.W25Q_FastRead
                0x08000272       0x5c ./Core/Src/W25Qxx.o
                0x08000272                W25Q_FastRead
 .text.write_enable
                0x080002ce       0x2a ./Core/Src/W25Qxx.o
                0x080002ce                write_enable
 .text.write_disable
                0x080002f8       0x2a ./Core/Src/W25Qxx.o
                0x080002f8                write_disable
 .text.W25Q_Erase_Sector
                0x08000322       0x56 ./Core/Src/W25Qxx.o
                0x08000322                W25Q_Erase_Sector
 .text.bytestowrite
                0x08000378       0x2a ./Core/Src/W25Qxx.o
                0x08000378                bytestowrite
 .text.w25q_read_u32
                0x080003a2       0x38 ./Core/Src/W25Qxx.o
                0x080003a2                w25q_read_u32
 *fill*         0x080003da        0x2 
 .text.hapus_sector
                0x080003dc       0x70 ./Core/Src/W25Qxx.o
                0x080003dc                hapus_sector
 .text.W25Q_Write_Page1
                0x0800044c      0x218 ./Core/Src/W25Qxx.o
                0x0800044c                W25Q_Write_Page1
 .text.MX_CRC_Init
                0x08000664       0x28 ./Core/Src/crc.o
                0x08000664                MX_CRC_Init
 .text.HAL_CRC_MspInit
                0x0800068c       0x3c ./Core/Src/crc.o
                0x0800068c                HAL_CRC_MspInit
 .text.crc32_w25q
                0x080006c8      0x158 ./Core/Src/crcFunc.o
                0x080006c8                crc32_w25q
 .text.verifikasi
                0x08000820       0x32 ./Core/Src/crcFunc.o
                0x08000820                verifikasi
 *fill*         0x08000852        0x2 
 .text.default_ip_assign
                0x08000854       0x38 ./Core/Src/dhcp.o
                0x08000854                default_ip_assign
 .text.default_ip_update
                0x0800088c       0x2c ./Core/Src/dhcp.o
                0x0800088c                default_ip_update
 .text.default_ip_conflict
                0x080008b8       0x28 ./Core/Src/dhcp.o
                0x080008b8                default_ip_conflict
 .text.reg_dhcp_cbfunc
                0x080008e0       0x64 ./Core/Src/dhcp.o
                0x080008e0                reg_dhcp_cbfunc
 .text.makeDHCPMSG
                0x08000944      0x1ec ./Core/Src/dhcp.o
                0x08000944                makeDHCPMSG
 .text.send_DHCP_DISCOVER
                0x08000b30      0x38c ./Core/Src/dhcp.o
                0x08000b30                send_DHCP_DISCOVER
 .text.send_DHCP_REQUEST
                0x08000ebc      0x514 ./Core/Src/dhcp.o
                0x08000ebc                send_DHCP_REQUEST
 .text.send_DHCP_DECLINE
                0x080013d0      0x2a4 ./Core/Src/dhcp.o
                0x080013d0                send_DHCP_DECLINE
 .text.parseDHCPMSG
                0x08001674      0x43c ./Core/Src/dhcp.o
                0x08001674                parseDHCPMSG
 .text.DHCP_run
                0x08001ab0      0x234 ./Core/Src/dhcp.o
                0x08001ab0                DHCP_run
 .text.check_DHCP_timeout
                0x08001ce4       0xc0 ./Core/Src/dhcp.o
                0x08001ce4                check_DHCP_timeout
 .text.check_DHCP_leasedIP
                0x08001da4       0x7c ./Core/Src/dhcp.o
                0x08001da4                check_DHCP_leasedIP
 .text.DHCP_init
                0x08001e20      0x128 ./Core/Src/dhcp.o
                0x08001e20                DHCP_init
 .text.reset_DHCP_timeout
                0x08001f48       0x2c ./Core/Src/dhcp.o
                0x08001f48                reset_DHCP_timeout
 .text.getIPfromDHCP
                0x08001f74       0x3c ./Core/Src/dhcp.o
                0x08001f74                getIPfromDHCP
 .text.getGWfromDHCP
                0x08001fb0       0x3c ./Core/Src/dhcp.o
                0x08001fb0                getGWfromDHCP
 .text.getSNfromDHCP
                0x08001fec       0x3c ./Core/Src/dhcp.o
                0x08001fec                getSNfromDHCP
 .text.NibbleToHex
                0x08002028       0x30 ./Core/Src/dhcp.o
                0x08002028                NibbleToHex
 .text.MX_GPIO_Init
                0x08002058       0xd4 ./Core/Src/gpio.o
                0x08002058                MX_GPIO_Init
 .text.make_http_response_head
                0x0800212c      0x16c ./Core/Src/httpParser.o
                0x0800212c                make_http_response_head
 .text.find_http_uri_type
                0x08002298      0x30c ./Core/Src/httpParser.o
                0x08002298                find_http_uri_type
 .text.parse_http_request
                0x080025a4      0x118 ./Core/Src/httpParser.o
                0x080025a4                parse_http_request
 .text.get_http_uri_name
                0x080026bc       0x54 ./Core/Src/httpParser.o
                0x080026bc                get_http_uri_name
 .text.mid      0x08002710       0x56 ./Core/Src/httpParser.o
                0x08002710                mid
 .text.default_mcu_reset
                0x08002766        0xc ./Core/Src/httpServer.o
                0x08002766                default_mcu_reset
 .text.default_wdt_reset
                0x08002772        0xc ./Core/Src/httpServer.o
                0x08002772                default_wdt_reset
 .text.read_from_flashbuf
                0x0800277e       0x24 ./Core/Src/httpServer.o
                0x0800277e                read_from_flashbuf
 *fill*         0x080027a2        0x2 
 .text.httpServer_Sockinit
                0x080027a4       0x40 ./Core/Src/httpServer.o
                0x080027a4                httpServer_Sockinit
 .text.getHTTPSocketNum
                0x080027e4       0x20 ./Core/Src/httpServer.o
 .text.getHTTPSequenceNum
                0x08002804       0x40 ./Core/Src/httpServer.o
 .text.httpServer_init
                0x08002844       0x38 ./Core/Src/httpServer.o
                0x08002844                httpServer_init
 .text.reg_httpServer_cbfunc
                0x0800287c       0x34 ./Core/Src/httpServer.o
                0x0800287c                reg_httpServer_cbfunc
 .text.httpServer_run
                0x080028b0      0x2d0 ./Core/Src/httpServer.o
                0x080028b0                httpServer_run
 .text.send_http_response_header
                0x08002b80       0xb4 ./Core/Src/httpServer.o
 .text.send_http_response_body
                0x08002c34      0x278 ./Core/Src/httpServer.o
 .text.send_http_response_cgi
                0x08002eac       0x4c ./Core/Src/httpServer.o
 .text.http_disconnect
                0x08002ef8       0x42 ./Core/Src/httpServer.o
 *fill*         0x08002f3a        0x2 
 .text.quick_parse
                0x08002f3c       0xec ./Core/Src/httpServer.o
                0x08002f3c                quick_parse
 .text.http_process_handler
                0x08003028      0x8f8 ./Core/Src/httpServer.o
 .text.get_httpServer_timecount
                0x08003920       0x14 ./Core/Src/httpServer.o
                0x08003920                get_httpServer_timecount
 .text.reg_httpServer_webContent
                0x08003934       0xc4 ./Core/Src/httpServer.o
                0x08003934                reg_httpServer_webContent
 .text.reg_httpServer_flashContent
                0x080039f8       0x84 ./Core/Src/httpServer.o
                0x080039f8                reg_httpServer_flashContent
 .text.find_userReg_webContent
                0x08003a7c       0x78 ./Core/Src/httpServer.o
                0x08003a7c                find_userReg_webContent
 .text.find_userReg_flashContent
                0x08003af4       0x64 ./Core/Src/httpServer.o
                0x08003af4                find_userReg_flashContent
 .text.read_userReg_webContent
                0x08003b58       0x7c ./Core/Src/httpServer.o
                0x08003b58                read_userReg_webContent
 .text.http_get_cgi_handler
                0x08003bd4       0x58 ./Core/Src/httpUtil.o
                0x08003bd4                http_get_cgi_handler
 .text.http_post_cgi_handler
                0x08003c2c       0x7c ./Core/Src/httpUtil.o
                0x08003c2c                http_post_cgi_handler
 .text.predefined_get_cgi_processor
                0x08003ca8       0x18 ./Core/Src/httpUtil.o
                0x08003ca8                predefined_get_cgi_processor
 .text.predefined_set_cgi_processor
                0x08003cc0       0x1a ./Core/Src/httpUtil.o
                0x08003cc0                predefined_set_cgi_processor
 *fill*         0x08003cda        0x2 
 .text.__NVIC_SystemReset
                0x08003cdc       0x2c ./Core/Src/main.o
 .text.cek_LAN  0x08003d08       0x26 ./Core/Src/main.o
                0x08003d08                cek_LAN
 *fill*         0x08003d2e        0x2 
 .text.wizchipSelect
                0x08003d30       0x18 ./Core/Src/main.o
                0x08003d30                wizchipSelect
 .text.wizchipUnselect
                0x08003d48       0x18 ./Core/Src/main.o
                0x08003d48                wizchipUnselect
 .text.wizchipReadBurst
                0x08003d60       0x28 ./Core/Src/main.o
                0x08003d60                wizchipReadBurst
 .text.wizchipWriteBurst
                0x08003d88       0x28 ./Core/Src/main.o
                0x08003d88                wizchipWriteBurst
 .text.wizchipReadByte
                0x08003db0       0x1a ./Core/Src/main.o
                0x08003db0                wizchipReadByte
 .text.wizchipWriteByte
                0x08003dca       0x1c ./Core/Src/main.o
                0x08003dca                wizchipWriteByte
 *fill*         0x08003de6        0x2 
 .text.Callback_IPAssigned
                0x08003de8       0x18 ./Core/Src/main.o
                0x08003de8                Callback_IPAssigned
 .text.Callback_IPConflict
                0x08003e00       0x18 ./Core/Src/main.o
                0x08003e00                Callback_IPConflict
 .text.W5500Init
                0x08003e18      0x1d8 ./Core/Src/main.o
                0x08003e18                W5500Init
 .text.main     0x08003ff0       0xe0 ./Core/Src/main.o
                0x08003ff0                main
 .text.SystemClock_Config
                0x080040d0       0x8a ./Core/Src/main.o
                0x080040d0                SystemClock_Config
 *fill*         0x0800415a        0x2 
 .text.UWriteData
                0x0800415c       0x30 ./Core/Src/main.o
                0x0800415c                UWriteData
 .text.__io_putchar
                0x0800418c       0x1c ./Core/Src/main.o
                0x0800418c                __io_putchar
 .text.Error_Handler
                0x080041a8        0xc ./Core/Src/main.o
                0x080041a8                Error_Handler
 .text.socket   0x080041b4      0x264 ./Core/Src/socket.o
                0x080041b4                socket
 .text.close    0x08004418       0xdc ./Core/Src/socket.o
                0x08004418                close
 .text.listen   0x080044f4       0xb2 ./Core/Src/socket.o
                0x080044f4                listen
 *fill*         0x080045a6        0x2 
 .text.disconnect
                0x080045a8      0x104 ./Core/Src/socket.o
                0x080045a8                disconnect
 .text.send     0x080046ac      0x2a8 ./Core/Src/socket.o
                0x080046ac                send
 .text.recv     0x08004954      0x164 ./Core/Src/socket.o
                0x08004954                recv
 .text.sendto_W5x00
                0x08004ab8       0x30 ./Core/Src/socket.o
                0x08004ab8                sendto_W5x00
 .text.sendto_IO_6
                0x08004ae8      0x328 ./Core/Src/socket.o
 .text.recvfrom_W5x00
                0x08004e10       0x3a ./Core/Src/socket.o
                0x08004e10                recvfrom_W5x00
 *fill*         0x08004e4a        0x2 
 .text.recvfrom_IO_6
                0x08004e4c      0x420 ./Core/Src/socket.o
 .text.MX_SPI1_Init
                0x0800526c       0x6c ./Core/Src/spi.o
                0x0800526c                MX_SPI1_Init
 .text.MX_SPI2_Init
                0x080052d8       0x6c ./Core/Src/spi.o
                0x080052d8                MX_SPI2_Init
 .text.HAL_SPI_MspInit
                0x08005344      0x10c ./Core/Src/spi.o
                0x08005344                HAL_SPI_MspInit
 .text.HAL_MspInit
                0x08005450       0x64 ./Core/Src/stm32f1xx_hal_msp.o
                0x08005450                HAL_MspInit
 .text.NMI_Handler
                0x080054b4        0x8 ./Core/Src/stm32f1xx_it.o
                0x080054b4                NMI_Handler
 .text.HardFault_Handler
                0x080054bc        0x8 ./Core/Src/stm32f1xx_it.o
                0x080054bc                HardFault_Handler
 .text.MemManage_Handler
                0x080054c4        0x8 ./Core/Src/stm32f1xx_it.o
                0x080054c4                MemManage_Handler
 .text.BusFault_Handler
                0x080054cc        0x8 ./Core/Src/stm32f1xx_it.o
                0x080054cc                BusFault_Handler
 .text.UsageFault_Handler
                0x080054d4        0x8 ./Core/Src/stm32f1xx_it.o
                0x080054d4                UsageFault_Handler
 .text.SVC_Handler
                0x080054dc        0xc ./Core/Src/stm32f1xx_it.o
                0x080054dc                SVC_Handler
 .text.DebugMon_Handler
                0x080054e8        0xc ./Core/Src/stm32f1xx_it.o
                0x080054e8                DebugMon_Handler
 .text.PendSV_Handler
                0x080054f4        0xc ./Core/Src/stm32f1xx_it.o
                0x080054f4                PendSV_Handler
 .text.SysTick_Handler
                0x08005500        0xc ./Core/Src/stm32f1xx_it.o
                0x08005500                SysTick_Handler
 .text._getpid  0x0800550c        0xe ./Core/Src/syscalls.o
                0x0800550c                _getpid
 .text._kill    0x0800551a       0x20 ./Core/Src/syscalls.o
                0x0800551a                _kill
 .text._exit    0x0800553a       0x16 ./Core/Src/syscalls.o
                0x0800553a                _exit
 .text._read    0x08005550       0x3a ./Core/Src/syscalls.o
                0x08005550                _read
 .text._write   0x0800558a       0x38 ./Core/Src/syscalls.o
                0x0800558a                _write
 .text._close   0x080055c2       0x16 ./Core/Src/syscalls.o
                0x080055c2                _close
 .text._fstat   0x080055d8       0x1e ./Core/Src/syscalls.o
                0x080055d8                _fstat
 .text._isatty  0x080055f6       0x14 ./Core/Src/syscalls.o
                0x080055f6                _isatty
 .text._lseek   0x0800560a       0x18 ./Core/Src/syscalls.o
                0x0800560a                _lseek
 *fill*         0x08005622        0x2 
 .text._sbrk    0x08005624       0x6c ./Core/Src/sysmem.o
                0x08005624                _sbrk
 .text.SystemInit
                0x08005690        0xc ./Core/Src/system_stm32f1xx.o
                0x08005690                SystemInit
 .text.MX_USART1_UART_Init
                0x0800569c       0x54 ./Core/Src/usart.o
                0x0800569c                MX_USART1_UART_Init
 .text.HAL_UART_MspInit
                0x080056f0       0x98 ./Core/Src/usart.o
                0x080056f0                HAL_UART_MspInit
 .text.WIZCHIP_READ
                0x08005788       0x98 ./Core/Src/w5500.o
                0x08005788                WIZCHIP_READ
 .text.WIZCHIP_WRITE
                0x08005820       0x9c ./Core/Src/w5500.o
                0x08005820                WIZCHIP_WRITE
 .text.WIZCHIP_READ_BUF
                0x080058bc       0xc0 ./Core/Src/w5500.o
                0x080058bc                WIZCHIP_READ_BUF
 .text.WIZCHIP_WRITE_BUF
                0x0800597c       0xc0 ./Core/Src/w5500.o
                0x0800597c                WIZCHIP_WRITE_BUF
 .text.getSn_TX_FSR
                0x08005a3c       0x92 ./Core/Src/w5500.o
                0x08005a3c                getSn_TX_FSR
 .text.getSn_RX_RSR
                0x08005ace       0x92 ./Core/Src/w5500.o
                0x08005ace                getSn_RX_RSR
 .text.wiz_send_data
                0x08005b60       0xb4 ./Core/Src/w5500.o
                0x08005b60                wiz_send_data
 .text.wiz_recv_data
                0x08005c14       0xb4 ./Core/Src/w5500.o
                0x08005c14                wiz_recv_data
 .text.wiz_recv_ignore
                0x08005cc8       0x8c ./Core/Src/w5500.o
                0x08005cc8                wiz_recv_ignore
 .text.wizchip_cris_enter
                0x08005d54        0xc ./Core/Src/wizchip_conf.o
                0x08005d54                wizchip_cris_enter
 .text.wizchip_cris_exit
                0x08005d60        0xc ./Core/Src/wizchip_conf.o
                0x08005d60                wizchip_cris_exit
 .text.wizchip_cs_select
                0x08005d6c        0xc ./Core/Src/wizchip_conf.o
                0x08005d6c                wizchip_cs_select
 .text.wizchip_cs_deselect
                0x08005d78        0xc ./Core/Src/wizchip_conf.o
                0x08005d78                wizchip_cs_deselect
 .text.wizchip_bus_readdata
                0x08005d84       0x18 ./Core/Src/wizchip_conf.o
                0x08005d84                wizchip_bus_readdata
 .text.wizchip_bus_writedata
                0x08005d9c       0x1c ./Core/Src/wizchip_conf.o
                0x08005d9c                wizchip_bus_writedata
 .text.wizchip_spi_readbyte
                0x08005db8        0xe ./Core/Src/wizchip_conf.o
                0x08005db8                wizchip_spi_readbyte
 .text.wizchip_spi_writebyte
                0x08005dc6       0x14 ./Core/Src/wizchip_conf.o
                0x08005dc6                wizchip_spi_writebyte
 *fill*         0x08005dda        0x2 
 .text.wizchip_spi_readburst
                0x08005ddc       0x40 ./Core/Src/wizchip_conf.o
                0x08005ddc                wizchip_spi_readburst
 .text.wizchip_spi_writeburst
                0x08005e1c       0x40 ./Core/Src/wizchip_conf.o
                0x08005e1c                wizchip_spi_writeburst
 .text.reg_wizchip_cs_cbfunc
                0x08005e5c       0x48 ./Core/Src/wizchip_conf.o
                0x08005e5c                reg_wizchip_cs_cbfunc
 .text.reg_wizchip_spi_cbfunc
                0x08005ea4       0x58 ./Core/Src/wizchip_conf.o
                0x08005ea4                reg_wizchip_spi_cbfunc
 .text.reg_wizchip_spiburst_cbfunc
                0x08005efc       0x58 ./Core/Src/wizchip_conf.o
                0x08005efc                reg_wizchip_spiburst_cbfunc
 .text.ctlwizchip
                0x08005f54      0x1e0 ./Core/Src/wizchip_conf.o
                0x08005f54                ctlwizchip
 .text.wizchip_sw_reset
                0x08006134       0x98 ./Core/Src/wizchip_conf.o
                0x08006134                wizchip_sw_reset
 .text.wizchip_init
                0x080061cc      0x118 ./Core/Src/wizchip_conf.o
                0x080061cc                wizchip_init
 .text.wizchip_clrinterrupt
                0x080062e4       0x68 ./Core/Src/wizchip_conf.o
                0x080062e4                wizchip_clrinterrupt
 .text.wizchip_getinterrupt
                0x0800634c       0x48 ./Core/Src/wizchip_conf.o
                0x0800634c                wizchip_getinterrupt
 .text.wizchip_setinterruptmask
                0x08006394       0x36 ./Core/Src/wizchip_conf.o
                0x08006394                wizchip_setinterruptmask
 .text.wizchip_getinterruptmask
                0x080063ca       0x44 ./Core/Src/wizchip_conf.o
                0x080063ca                wizchip_getinterruptmask
 .text.wizphy_getphylink
                0x0800640e       0x2c ./Core/Src/wizchip_conf.o
                0x0800640e                wizphy_getphylink
 .text.wizphy_getphypmode
                0x0800643a       0x32 ./Core/Src/wizchip_conf.o
                0x0800643a                wizphy_getphypmode
 .text.wizphy_reset
                0x0800646c       0x4e ./Core/Src/wizchip_conf.o
                0x0800646c                wizphy_reset
 .text.wizphy_setphyconf
                0x080064ba       0x84 ./Core/Src/wizchip_conf.o
                0x080064ba                wizphy_setphyconf
 *fill*         0x0800653e        0x2 
 .text.wizphy_getphyconf
                0x08006540       0xd4 ./Core/Src/wizchip_conf.o
                0x08006540                wizphy_getphyconf
 .text.wizphy_getphystat
                0x08006614       0x3c ./Core/Src/wizchip_conf.o
                0x08006614                wizphy_getphystat
 .text.wizphy_setphypmode
                0x08006650       0x94 ./Core/Src/wizchip_conf.o
                0x08006650                wizphy_setphypmode
 .text.wizchip_setnetinfo
                0x080066e4       0x80 ./Core/Src/wizchip_conf.o
                0x080066e4                wizchip_setnetinfo
 .text.Reset_Handler
                0x08006764       0x48 ./Core/Startup/startup_stm32f103c8tx.o
                0x08006764                Reset_Handler
 .text.Default_Handler
                0x080067ac        0x2 ./Core/Startup/startup_stm32f103c8tx.o
                0x080067ac                RTC_Alarm_IRQHandler
                0x080067ac                EXTI2_IRQHandler
                0x080067ac                TIM1_CC_IRQHandler
                0x080067ac                PVD_IRQHandler
                0x080067ac                EXTI3_IRQHandler
                0x080067ac                EXTI0_IRQHandler
                0x080067ac                I2C2_EV_IRQHandler
                0x080067ac                ADC1_2_IRQHandler
                0x080067ac                SPI1_IRQHandler
                0x080067ac                TAMPER_IRQHandler
                0x080067ac                DMA1_Channel4_IRQHandler
                0x080067ac                USART3_IRQHandler
                0x080067ac                RTC_IRQHandler
                0x080067ac                DMA1_Channel7_IRQHandler
                0x080067ac                CAN1_RX1_IRQHandler
                0x080067ac                TIM4_IRQHandler
                0x080067ac                I2C1_EV_IRQHandler
                0x080067ac                DMA1_Channel6_IRQHandler
                0x080067ac                TIM3_IRQHandler
                0x080067ac                RCC_IRQHandler
                0x080067ac                TIM1_TRG_COM_IRQHandler
                0x080067ac                DMA1_Channel1_IRQHandler
                0x080067ac                Default_Handler
                0x080067ac                EXTI15_10_IRQHandler
                0x080067ac                EXTI9_5_IRQHandler
                0x080067ac                SPI2_IRQHandler
                0x080067ac                DMA1_Channel5_IRQHandler
                0x080067ac                EXTI4_IRQHandler
                0x080067ac                USB_LP_CAN1_RX0_IRQHandler
                0x080067ac                USB_HP_CAN1_TX_IRQHandler
                0x080067ac                DMA1_Channel3_IRQHandler
                0x080067ac                TIM1_UP_IRQHandler
                0x080067ac                WWDG_IRQHandler
                0x080067ac                TIM2_IRQHandler
                0x080067ac                TIM1_BRK_IRQHandler
                0x080067ac                EXTI1_IRQHandler
                0x080067ac                USART2_IRQHandler
                0x080067ac                I2C2_ER_IRQHandler
                0x080067ac                DMA1_Channel2_IRQHandler
                0x080067ac                CAN1_SCE_IRQHandler
                0x080067ac                FLASH_IRQHandler
                0x080067ac                USART1_IRQHandler
                0x080067ac                I2C1_ER_IRQHandler
                0x080067ac                USBWakeUp_IRQHandler
 *fill*         0x080067ae        0x2 
 .text.HAL_Init
                0x080067b0       0x2c ./Drivers/STM32F1xx_HAL_Driver/Src/stm32f1xx_hal.o
                0x080067b0                HAL_Init
 .text.HAL_InitTick
                0x080067dc       0x60 ./Drivers/STM32F1xx_HAL_Driver/Src/stm32f1xx_hal.o
                0x080067dc                HAL_InitTick
 .text.HAL_IncTick
                0x0800683c       0x24 ./Drivers/STM32F1xx_HAL_Driver/Src/stm32f1xx_hal.o
                0x0800683c                HAL_IncTick
 .text.HAL_GetTick
                0x08006860       0x14 ./Drivers/STM32F1xx_HAL_Driver/Src/stm32f1xx_hal.o
                0x08006860                HAL_GetTick
 .text.HAL_Delay
                0x08006874       0x48 ./Drivers/STM32F1xx_HAL_Driver/Src/stm32f1xx_hal.o
                0x08006874                HAL_Delay
 .text.__NVIC_SetPriorityGrouping
                0x080068bc       0x48 ./Drivers/STM32F1xx_HAL_Driver/Src/stm32f1xx_hal_cortex.o
 .text.__NVIC_GetPriorityGrouping
                0x08006904       0x1c ./Drivers/STM32F1xx_HAL_Driver/Src/stm32f1xx_hal_cortex.o
 .text.__NVIC_SetPriority
                0x08006920       0x54 ./Drivers/STM32F1xx_HAL_Driver/Src/stm32f1xx_hal_cortex.o
 .text.NVIC_EncodePriority
                0x08006974       0x64 ./Drivers/STM32F1xx_HAL_Driver/Src/stm32f1xx_hal_cortex.o
 .text.SysTick_Config
                0x080069d8       0x44 ./Drivers/STM32F1xx_HAL_Driver/Src/stm32f1xx_hal_cortex.o
 .text.HAL_NVIC_SetPriorityGrouping
                0x08006a1c       0x16 ./Drivers/STM32F1xx_HAL_Driver/Src/stm32f1xx_hal_cortex.o
                0x08006a1c                HAL_NVIC_SetPriorityGrouping
 .text.HAL_NVIC_SetPriority
                0x08006a32       0x38 ./Drivers/STM32F1xx_HAL_Driver/Src/stm32f1xx_hal_cortex.o
                0x08006a32                HAL_NVIC_SetPriority
 .text.HAL_SYSTICK_Config
                0x08006a6a       0x18 ./Drivers/STM32F1xx_HAL_Driver/Src/stm32f1xx_hal_cortex.o
                0x08006a6a                HAL_SYSTICK_Config
 .text.HAL_CRC_Init
                0x08006a82       0x38 ./Drivers/STM32F1xx_HAL_Driver/Src/stm32f1xx_hal_crc.o
                0x08006a82                HAL_CRC_Init
 *fill*         0x08006aba        0x2 
 .text.HAL_GPIO_Init
                0x08006abc      0x308 ./Drivers/STM32F1xx_HAL_Driver/Src/stm32f1xx_hal_gpio.o
                0x08006abc                HAL_GPIO_Init
 .text.HAL_GPIO_WritePin
                0x08006dc4       0x30 ./Drivers/STM32F1xx_HAL_Driver/Src/stm32f1xx_hal_gpio.o
                0x08006dc4                HAL_GPIO_WritePin
 .text.HAL_GPIO_TogglePin
                0x08006df4       0x32 ./Drivers/STM32F1xx_HAL_Driver/Src/stm32f1xx_hal_gpio.o
                0x08006df4                HAL_GPIO_TogglePin
 *fill*         0x08006e26        0x2 
 .text.HAL_RCC_OscConfig
                0x08006e28      0x504 ./Drivers/STM32F1xx_HAL_Driver/Src/stm32f1xx_hal_rcc.o
                0x08006e28                HAL_RCC_OscConfig
 .text.HAL_RCC_ClockConfig
                0x0800732c      0x1d4 ./Drivers/STM32F1xx_HAL_Driver/Src/stm32f1xx_hal_rcc.o
                0x0800732c                HAL_RCC_ClockConfig
 .text.HAL_RCC_GetSysClockFreq
                0x08007500       0xa8 ./Drivers/STM32F1xx_HAL_Driver/Src/stm32f1xx_hal_rcc.o
                0x08007500                HAL_RCC_GetSysClockFreq
 .text.HAL_RCC_GetHCLKFreq
                0x080075a8       0x14 ./Drivers/STM32F1xx_HAL_Driver/Src/stm32f1xx_hal_rcc.o
                0x080075a8                HAL_RCC_GetHCLKFreq
 .text.HAL_RCC_GetPCLK1Freq
                0x080075bc       0x28 ./Drivers/STM32F1xx_HAL_Driver/Src/stm32f1xx_hal_rcc.o
                0x080075bc                HAL_RCC_GetPCLK1Freq
 .text.HAL_RCC_GetPCLK2Freq
                0x080075e4       0x28 ./Drivers/STM32F1xx_HAL_Driver/Src/stm32f1xx_hal_rcc.o
                0x080075e4                HAL_RCC_GetPCLK2Freq
 .text.RCC_Delay
                0x0800760c       0x3c ./Drivers/STM32F1xx_HAL_Driver/Src/stm32f1xx_hal_rcc.o
 .text.HAL_SPI_Init
                0x08007648      0x108 ./Drivers/STM32F1xx_HAL_Driver/Src/stm32f1xx_hal_spi.o
                0x08007648                HAL_SPI_Init
 .text.HAL_SPI_Transmit
                0x08007750      0x288 ./Drivers/STM32F1xx_HAL_Driver/Src/stm32f1xx_hal_spi.o
                0x08007750                HAL_SPI_Transmit
 .text.HAL_SPI_Receive
                0x080079d8      0x232 ./Drivers/STM32F1xx_HAL_Driver/Src/stm32f1xx_hal_spi.o
                0x080079d8                HAL_SPI_Receive
 .text.HAL_SPI_TransmitReceive
                0x08007c0a      0x352 ./Drivers/STM32F1xx_HAL_Driver/Src/stm32f1xx_hal_spi.o
                0x08007c0a                HAL_SPI_TransmitReceive
 .text.SPI_WaitFlagStateUntilTimeout
                0x08007f5c      0x110 ./Drivers/STM32F1xx_HAL_Driver/Src/stm32f1xx_hal_spi.o
 .text.SPI_EndRxTransaction
                0x0800806c       0xa4 ./Drivers/STM32F1xx_HAL_Driver/Src/stm32f1xx_hal_spi.o
 .text.SPI_EndRxTxTransaction
                0x08008110       0x62 ./Drivers/STM32F1xx_HAL_Driver/Src/stm32f1xx_hal_spi.o
 .text.HAL_UART_Init
                0x08008172       0xa0 ./Drivers/STM32F1xx_HAL_Driver/Src/stm32f1xx_hal_uart.o
                0x08008172                HAL_UART_Init
 .text.HAL_UART_Transmit
                0x08008212      0x116 ./Drivers/STM32F1xx_HAL_Driver/Src/stm32f1xx_hal_uart.o
                0x08008212                HAL_UART_Transmit
 .text.UART_WaitOnFlagUntilTimeout
                0x08008328       0xb2 ./Drivers/STM32F1xx_HAL_Driver/Src/stm32f1xx_hal_uart.o
 .text.UART_EndRxTransfer
                0x080083da       0xc4 ./Drivers/STM32F1xx_HAL_Driver/Src/stm32f1xx_hal_uart.o
 *fill*         0x0800849e        0x2 
 .text.UART_SetConfig
                0x080084a0      0x11c ./Drivers/STM32F1xx_HAL_Driver/Src/stm32f1xx_hal_uart.o
 .text.malloc   0x080085bc       0x10 /opt/st/stm32cubeide_2.1.1/plugins/com.st.stm32cube.ide.mcu.externaltools.gnu-tools-for-stm32.14.3.rel1.linux64_1.0.100.202602081740/tools/bin/../lib/gcc/arm-none-eabi/14.3.1/../../../../arm-none-eabi/lib/thumb/v7-m/nofp/libc_nano.a(libc_a-malloc.o)
                0x080085bc                malloc
 .text.sbrk_aligned
                0x080085cc       0x44 /opt/st/stm32cubeide_2.1.1/plugins/com.st.stm32cube.ide.mcu.externaltools.gnu-tools-for-stm32.14.3.rel1.linux64_1.0.100.202602081740/tools/bin/../lib/gcc/arm-none-eabi/14.3.1/../../../../arm-none-eabi/lib/thumb/v7-m/nofp/libc_nano.a(libc_a-mallocr.o)
 .text._malloc_r
                0x08008610      0x100 /opt/st/stm32cubeide_2.1.1/plugins/com.st.stm32cube.ide.mcu.externaltools.gnu-tools-for-stm32.14.3.rel1.linux64_1.0.100.202602081740/tools/bin/../lib/gcc/arm-none-eabi/14.3.1/../../../../arm-none-eabi/lib/thumb/v7-m/nofp/libc_nano.a(libc_a-mallocr.o)
                0x08008610                _malloc_r
 .text.__malloc_lock
                0x08008710        0xc /opt/st/stm32cubeide_2.1.1/plugins/com.st.stm32cube.ide.mcu.externaltools.gnu-tools-for-stm32.14.3.rel1.linux64_1.0.100.202602081740/tools/bin/../lib/gcc/arm-none-eabi/14.3.1/../../../../arm-none-eabi/lib/thumb/v7-m/nofp/libc_nano.a(libc_a-mlock.o)
                0x08008710                __malloc_lock
 .text.__malloc_unlock
                0x0800871c        0xc /opt/st/stm32cubeide_2.1.1/plugins/com.st.stm32cube.ide.mcu.externaltools.gnu-tools-for-stm32.14.3.rel1.linux64_1.0.100.202602081740/tools/bin/../lib/gcc/arm-none-eabi/14.3.1/../../../../arm-none-eabi/lib/thumb/v7-m/nofp/libc_nano.a(libc_a-mlock.o)
                0x0800871c                __malloc_unlock
 .text._strtol_l.isra.0
                0x08008728       0xf4 /opt/st/stm32cubeide_2.1.1/plugins/com.st.stm32cube.ide.mcu.externaltools.gnu-tools-for-stm32.14.3.rel1.linux64_1.0.100.202602081740/tools/bin/../lib/gcc/arm-none-eabi/14.3.1/../../../../arm-none-eabi/lib/thumb/v7-m/nofp/libc_nano.a(libc_a-strtol.o)
 .text.strtol   0x0800881c       0x14 /opt/st/stm32cubeide_2.1.1/plugins/com.st.stm32cube.ide.mcu.externaltools.gnu-tools-for-stm32.14.3.rel1.linux64_1.0.100.202602081740/tools/bin/../lib/gcc/arm-none-eabi/14.3.1/../../../../arm-none-eabi/lib/thumb/v7-m/nofp/libc_nano.a(libc_a-strtol.o)
                0x0800881c                strtol
 .text._strtoul_l.isra.0
                0x08008830       0xdc /opt/st/stm32cubeide_2.1.1/plugins/com.st.stm32cube.ide.mcu.externaltools.gnu-tools-for-stm32.14.3.rel1.linux64_1.0.100.202602081740/tools/bin/../lib/gcc/arm-none-eabi/14.3.1/../../../../arm-none-eabi/lib/thumb/v7-m/nofp/libc_nano.a(libc_a-strtoul.o)
 .text.strtoul  0x0800890c       0x14 /opt/st/stm32cubeide_2.1.1/plugins/com.st.stm32cube.ide.mcu.externaltools.gnu-tools-for-stm32.14.3.rel1.linux64_1.0.100.202602081740/tools/bin/../lib/gcc/arm-none-eabi/14.3.1/../../../../arm-none-eabi/lib/thumb/v7-m/nofp/libc_nano.a(libc_a-strtoul.o)
                0x0800890c                strtoul
 .text.std      0x08008920       0x6c /opt/st/stm32cubeide_2.1.1/plugins/com.st.stm32cube.ide.mcu.externaltools.gnu-tools-for-stm32.14.3.rel1.linux64_1.0.100.202602081740/tools/bin/../lib/gcc/arm-none-eabi/14.3.1/../../../../arm-none-eabi/lib/thumb/v7-m/nofp/libc_nano.a(libc_a-findfp.o)
 .text.stdio_exit_handler
                0x0800898c       0x18 /opt/st/stm32cubeide_2.1.1/plugins/com.st.stm32cube.ide.mcu.externaltools.gnu-tools-for-stm32.14.3.rel1.linux64_1.0.100.202602081740/tools/bin/../lib/gcc/arm-none-eabi/14.3.1/../../../../arm-none-eabi/lib/thumb/v7-m/nofp/libc_nano.a(libc_a-findfp.o)
 .text.cleanup_stdio
                0x080089a4       0x40 /opt/st/stm32cubeide_2.1.1/plugins/com.st.stm32cube.ide.mcu.externaltools.gnu-tools-for-stm32.14.3.rel1.linux64_1.0.100.202602081740/tools/bin/../lib/gcc/arm-none-eabi/14.3.1/../../../../arm-none-eabi/lib/thumb/v7-m/nofp/libc_nano.a(libc_a-findfp.o)
 .text.global_stdio_init.part.0
                0x080089e4       0x40 /opt/st/stm32cubeide_2.1.1/plugins/com.st.stm32cube.ide.mcu.externaltools.gnu-tools-for-stm32.14.3.rel1.linux64_1.0.100.202602081740/tools/bin/../lib/gcc/arm-none-eabi/14.3.1/../../../../arm-none-eabi/lib/thumb/v7-m/nofp/libc_nano.a(libc_a-findfp.o)
 .text.__sfp_lock_acquire
                0x08008a24        0xc /opt/st/stm32cubeide_2.1.1/plugins/com.st.stm32cube.ide.mcu.externaltools.gnu-tools-for-stm32.14.3.rel1.linux64_1.0.100.202602081740/tools/bin/../lib/gcc/arm-none-eabi/14.3.1/../../../../arm-none-eabi/lib/thumb/v7-m/nofp/libc_nano.a(libc_a-findfp.o)
                0x08008a24                __sfp_lock_acquire
 .text.__sfp_lock_release
                0x08008a30        0xc /opt/st/stm32cubeide_2.1.1/plugins/com.st.stm32cube.ide.mcu.externaltools.gnu-tools-for-stm32.14.3.rel1.linux64_1.0.100.202602081740/tools/bin/../lib/gcc/arm-none-eabi/14.3.1/../../../../arm-none-eabi/lib/thumb/v7-m/nofp/libc_nano.a(libc_a-findfp.o)
                0x08008a30                __sfp_lock_release
 .text.__sinit  0x08008a3c       0x30 /opt/st/stm32cubeide_2.1.1/plugins/com.st.stm32cube.ide.mcu.externaltools.gnu-tools-for-stm32.14.3.rel1.linux64_1.0.100.202602081740/tools/bin/../lib/gcc/arm-none-eabi/14.3.1/../../../../arm-none-eabi/lib/thumb/v7-m/nofp/libc_nano.a(libc_a-findfp.o)
                0x08008a3c                __sinit
 .text._fwalk_sglue
                0x08008a6c       0x3c /opt/st/stm32cubeide_2.1.1/plugins/com.st.stm32cube.ide.mcu.externaltools.gnu-tools-for-stm32.14.3.rel1.linux64_1.0.100.202602081740/tools/bin/../lib/gcc/arm-none-eabi/14.3.1/../../../../arm-none-eabi/lib/thumb/v7-m/nofp/libc_nano.a(libc_a-fwalk.o)
                0x08008a6c                _fwalk_sglue
 .text.printf   0x08008aa8       0x24 /opt/st/stm32cubeide_2.1.1/plugins/com.st.stm32cube.ide.mcu.externaltools.gnu-tools-for-stm32.14.3.rel1.linux64_1.0.100.202602081740/tools/bin/../lib/gcc/arm-none-eabi/14.3.1/../../../../arm-none-eabi/lib/thumb/v7-m/nofp/libc_nano.a(libc_a-printf.o)
                0x08008aa8                printf
                0x08008aa8                iprintf
 .text._puts_r  0x08008acc       0xaa /opt/st/stm32cubeide_2.1.1/plugins/com.st.stm32cube.ide.mcu.externaltools.gnu-tools-for-stm32.14.3.rel1.linux64_1.0.100.202602081740/tools/bin/../lib/gcc/arm-none-eabi/14.3.1/../../../../arm-none-eabi/lib/thumb/v7-m/nofp/libc_nano.a(libc_a-puts.o)
                0x08008acc                _puts_r
 *fill*         0x08008b76        0x2 
 .text.puts     0x08008b78       0x10 /opt/st/stm32cubeide_2.1.1/plugins/com.st.stm32cube.ide.mcu.externaltools.gnu-tools-for-stm32.14.3.rel1.linux64_1.0.100.202602081740/tools/bin/../lib/gcc/arm-none-eabi/14.3.1/../../../../arm-none-eabi/lib/thumb/v7-m/nofp/libc_nano.a(libc_a-puts.o)
                0x08008b78                puts
 .text.sprintf  0x08008b88       0x44 /opt/st/stm32cubeide_2.1.1/plugins/com.st.stm32cube.ide.mcu.externaltools.gnu-tools-for-stm32.14.3.rel1.linux64_1.0.100.202602081740/tools/bin/../lib/gcc/arm-none-eabi/14.3.1/../../../../arm-none-eabi/lib/thumb/v7-m/nofp/libc_nano.a(libc_a-sprintf.o)
                0x08008b88                sprintf
                0x08008b88                siprintf
 .text.__sread  0x08008bcc       0x22 /opt/st/stm32cubeide_2.1.1/plugins/com.st.stm32cube.ide.mcu.externaltools.gnu-tools-for-stm32.14.3.rel1.linux64_1.0.100.202602081740/tools/bin/../lib/gcc/arm-none-eabi/14.3.1/../../../../arm-none-eabi/lib/thumb/v7-m/nofp/libc_nano.a(libc_a-stdio.o)
                0x08008bcc                __sread
 .text.__swrite
                0x08008bee       0x38 /opt/st/stm32cubeide_2.1.1/plugins/com.st.stm32cube.ide.mcu.externaltools.gnu-tools-for-stm32.14.3.rel1.linux64_1.0.100.202602081740/tools/bin/../lib/gcc/arm-none-eabi/14.3.1/../../../../arm-none-eabi/lib/thumb/v7-m/nofp/libc_nano.a(libc_a-stdio.o)
                0x08008bee                __swrite
 .text.__sseek  0x08008c26       0x26 /opt/st/stm32cubeide_2.1.1/plugins/com.st.stm32cube.ide.mcu.externaltools.gnu-tools-for-stm32.14.3.rel1.linux64_1.0.100.202602081740/tools/bin/../lib/gcc/arm-none-eabi/14.3.1/../../../../arm-none-eabi/lib/thumb/v7-m/nofp/libc_nano.a(libc_a-stdio.o)
                0x08008c26                __sseek
 .text.__sclose
                0x08008c4c        0x8 /opt/st/stm32cubeide_2.1.1/plugins/com.st.stm32cube.ide.mcu.externaltools.gnu-tools-for-stm32.14.3.rel1.linux64_1.0.100.202602081740/tools/bin/../lib/gcc/arm-none-eabi/14.3.1/../../../../arm-none-eabi/lib/thumb/v7-m/nofp/libc_nano.a(libc_a-stdio.o)
                0x08008c4c                __sclose
 .text.__swbuf_r
                0x08008c54       0x7c /opt/st/stm32cubeide_2.1.1/plugins/com.st.stm32cube.ide.mcu.externaltools.gnu-tools-for-stm32.14.3.rel1.linux64_1.0.100.202602081740/tools/bin/../lib/gcc/arm-none-eabi/14.3.1/../../../../arm-none-eabi/lib/thumb/v7-m/nofp/libc_nano.a(libc_a-wbuf.o)
                0x08008c54                __swbuf_r
 .text.__swsetup_r
                0x08008cd0       0xa8 /opt/st/stm32cubeide_2.1.1/plugins/com.st.stm32cube.ide.mcu.externaltools.gnu-tools-for-stm32.14.3.rel1.linux64_1.0.100.202602081740/tools/bin/../lib/gcc/arm-none-eabi/14.3.1/../../../../arm-none-eabi/lib/thumb/v7-m/nofp/libc_nano.a(libc_a-wsetup.o)
                0x08008cd0                __swsetup_r
 .text.memset   0x08008d78       0x10 /opt/st/stm32cubeide_2.1.1/plugins/com.st.stm32cube.ide.mcu.externaltools.gnu-tools-for-stm32.14.3.rel1.linux64_1.0.100.202602081740/tools/bin/../lib/gcc/arm-none-eabi/14.3.1/../../../../arm-none-eabi/lib/thumb/v7-m/nofp/libc_nano.a(libc_a-memset.o)
                0x08008d78                memset
 .text.strcat   0x08008d88       0x1e /opt/st/stm32cubeide_2.1.1/plugins/com.st.stm32cube.ide.mcu.externaltools.gnu-tools-for-stm32.14.3.rel1.linux64_1.0.100.202602081740/tools/bin/../lib/gcc/arm-none-eabi/14.3.1/../../../../arm-none-eabi/lib/thumb/v7-m/nofp/libc_nano.a(libc_a-strcat.o)
                0x08008d88                strcat
 .text.strncpy  0x08008da6       0x26 /opt/st/stm32cubeide_2.1.1/plugins/com.st.stm32cube.ide.mcu.externaltools.gnu-tools-for-stm32.14.3.rel1.linux64_1.0.100.202602081740/tools/bin/../lib/gcc/arm-none-eabi/14.3.1/../../../../arm-none-eabi/lib/thumb/v7-m/nofp/libc_nano.a(libc_a-strncpy.o)
                0x08008da6                strncpy
 .text.strnlen  0x08008dcc       0x18 /opt/st/stm32cubeide_2.1.1/plugins/com.st.stm32cube.ide.mcu.externaltools.gnu-tools-for-stm32.14.3.rel1.linux64_1.0.100.202602081740/tools/bin/../lib/gcc/arm-none-eabi/14.3.1/../../../../arm-none-eabi/lib/thumb/v7-m/nofp/libc_nano.a(libc_a-strnlen.o)
                0x08008dcc                strnlen
 .text.strtok   0x08008de4       0x7c /opt/st/stm32cubeide_2.1.1/plugins/com.st.stm32cube.ide.mcu.externaltools.gnu-tools-for-stm32.14.3.rel1.linux64_1.0.100.202602081740/tools/bin/../lib/gcc/arm-none-eabi/14.3.1/../../../../arm-none-eabi/lib/thumb/v7-m/nofp/libc_nano.a(libc_a-strtok.o)
                0x08008de4                strtok
 .text.__strtok_r
                0x08008e60       0x50 /opt/st/stm32cubeide_2.1.1/plugins/com.st.stm32cube.ide.mcu.externaltools.gnu-tools-for-stm32.14.3.rel1.linux64_1.0.100.202602081740/tools/bin/../lib/gcc/arm-none-eabi/14.3.1/../../../../arm-none-eabi/lib/thumb/v7-m/nofp/libc_nano.a(libc_a-strtok_r.o)
                0x08008e60                __strtok_r
 .text.strstr   0x08008eb0       0x2c /opt/st/stm32cubeide_2.1.1/plugins/com.st.stm32cube.ide.mcu.externaltools.gnu-tools-for-stm32.14.3.rel1.linux64_1.0.100.202602081740/tools/bin/../lib/gcc/arm-none-eabi/14.3.1/../../../../arm-none-eabi/lib/thumb/v7-m/nofp/libc_nano.a(libc_a-strstr.o)
                0x08008eb0                strstr
 .text._close_r
                0x08008edc       0x20 /opt/st/stm32cubeide_2.1.1/plugins/com.st.stm32cube.ide.mcu.externaltools.gnu-tools-for-stm32.14.3.rel1.linux64_1.0.100.202602081740/tools/bin/../lib/gcc/arm-none-eabi/14.3.1/../../../../arm-none-eabi/lib/thumb/v7-m/nofp/libc_nano.a(libc_a-closer.o)
                0x08008edc                _close_r
 .text._lseek_r
                0x08008efc       0x24 /opt/st/stm32cubeide_2.1.1/plugins/com.st.stm32cube.ide.mcu.externaltools.gnu-tools-for-stm32.14.3.rel1.linux64_1.0.100.202602081740/tools/bin/../lib/gcc/arm-none-eabi/14.3.1/../../../../arm-none-eabi/lib/thumb/v7-m/nofp/libc_nano.a(libc_a-lseekr.o)
                0x08008efc                _lseek_r
 .text._read_r  0x08008f20       0x24 /opt/st/stm32cubeide_2.1.1/plugins/com.st.stm32cube.ide.mcu.externaltools.gnu-tools-for-stm32.14.3.rel1.linux64_1.0.100.202602081740/tools/bin/../lib/gcc/arm-none-eabi/14.3.1/../../../../arm-none-eabi/lib/thumb/v7-m/nofp/libc_nano.a(libc_a-readr.o)
                0x08008f20                _read_r
 .text._sbrk_r  0x08008f44       0x20 /opt/st/stm32cubeide_2.1.1/plugins/com.st.stm32cube.ide.mcu.externaltools.gnu-tools-for-stm32.14.3.rel1.linux64_1.0.100.202602081740/tools/bin/../lib/gcc/arm-none-eabi/14.3.1/../../../../arm-none-eabi/lib/thumb/v7-m/nofp/libc_nano.a(libc_a-sbrkr.o)
                0x08008f44                _sbrk_r
 .text._write_r
                0x08008f64       0x24 /opt/st/stm32cubeide_2.1.1/plugins/com.st.stm32cube.ide.mcu.externaltools.gnu-tools-for-stm32.14.3.rel1.linux64_1.0.100.202602081740/tools/bin/../lib/gcc/arm-none-eabi/14.3.1/../../../../arm-none-eabi/lib/thumb/v7-m/nofp/libc_nano.a(libc_a-writer.o)
                0x08008f64                _write_r
 .text.__errno  0x08008f88        0xc /opt/st/stm32cubeide_2.1.1/plugins/com.st.stm32cube.ide.mcu.externaltools.gnu-tools-for-stm32.14.3.rel1.linux64_1.0.100.202602081740/tools/bin/../lib/gcc/arm-none-eabi/14.3.1/../../../../arm-none-eabi/lib/thumb/v7-m/nofp/libc_nano.a(libc_a-errno.o)
                0x08008f88                __errno
 .text.__libc_init_array
                0x08008f94       0x48 /opt/st/stm32cubeide_2.1.1/plugins/com.st.stm32cube.ide.mcu.externaltools.gnu-tools-for-stm32.14.3.rel1.linux64_1.0.100.202602081740/tools/bin/../lib/gcc/arm-none-eabi/14.3.1/../../../../arm-none-eabi/lib/thumb/v7-m/nofp/libc_nano.a(libc_a-init.o)
                0x08008f94                __libc_init_array
 .text.__retarget_lock_init_recursive
                0x08008fdc        0x2 /opt/st/stm32cubeide_2.1.1/plugins/com.st.stm32cube.ide.mcu.externaltools.gnu-tools-for-stm32.14.3.rel1.linux64_1.0.100.202602081740/tools/bin/../lib/gcc/arm-none-eabi/14.3.1/../../../../arm-none-eabi/lib/thumb/v7-m/nofp/libc_nano.a(libc_a-lock.o)
                0x08008fdc                __retarget_lock_init_recursive
 .text.__retarget_lock_acquire_recursive
                0x08008fde        0x2 /opt/st/stm32cubeide_2.1.1/plugins/com.st.stm32cube.ide.mcu.externaltools.gnu-tools-for-stm32.14.3.rel1.linux64_1.0.100.202602081740/tools/bin/../lib/gcc/arm-none-eabi/14.3.1/../../../../arm-none-eabi/lib/thumb/v7-m/nofp/libc_nano.a(libc_a-lock.o)
                0x08008fde                __retarget_lock_acquire_recursive
 .text.__retarget_lock_release_recursive
                0x08008fe0        0x2 /opt/st/stm32cubeide_2.1.1/plugins/com.st.stm32cube.ide.mcu.externaltools.gnu-tools-for-stm32.14.3.rel1.linux64_1.0.100.202602081740/tools/bin/../lib/gcc/arm-none-eabi/14.3.1/../../../../arm-none-eabi/lib/thumb/v7-m/nofp/libc_nano.a(libc_a-lock.o)
                0x08008fe0                __retarget_lock_release_recursive
 .text.strcpy   0x08008fe2       0x10 /opt/st/stm32cubeide_2.1.1/plugins/com.st.stm32cube.ide.mcu.externaltools.gnu-tools-for-stm32.14.3.rel1.linux64_1.0.100.202602081740/tools/bin/../lib/gcc/arm-none-eabi/14.3.1/../../../../arm-none-eabi/lib/thumb/v7-m/nofp/libc_nano.a(libc_a-strcpy.o)
                0x08008fe2                strcpy
 .text.memcpy   0x08008ff2       0x1c /opt/st/stm32cubeide_2.1.1/plugins/com.st.stm32cube.ide.mcu.externaltools.gnu-tools-for-stm32.14.3.rel1.linux64_1.0.100.202602081740/tools/bin/../lib/gcc/arm-none-eabi/14.3.1/../../../../arm-none-eabi/lib/thumb/v7-m/nofp/libc_nano.a(libc_a-memcpy-stub.o)
                0x08008ff2                memcpy
 *fill*         0x0800900e        0x2 
 .text.__assert_func
                0x08009010       0x3c /opt/st/stm32cubeide_2.1.1/plugins/com.st.stm32cube.ide.mcu.externaltools.gnu-tools-for-stm32.14.3.rel1.linux64_1.0.100.202602081740/tools/bin/../lib/gcc/arm-none-eabi/14.3.1/../../../../arm-none-eabi/lib/thumb/v7-m/nofp/libc_nano.a(libc_a-assert.o)
                0x08009010                __assert_func
 .text._free_r  0x0800904c       0x90 /opt/st/stm32cubeide_2.1.1/plugins/com.st.stm32cube.ide.mcu.externaltools.gnu-tools-for-stm32.14.3.rel1.linux64_1.0.100.202602081740/tools/bin/../lib/gcc/arm-none-eabi/14.3.1/../../../../arm-none-eabi/lib/thumb/v7-m/nofp/libc_nano.a(libc_a-freer.o)
                0x0800904c                _free_r
 .text.__ssputs_r
                0x080090dc       0xc0 /opt/st/stm32cubeide_2.1.1/plugins/com.st.stm32cube.ide.mcu.externaltools.gnu-tools-for-stm32.14.3.rel1.linux64_1.0.100.202602081740/tools/bin/../lib/gcc/arm-none-eabi/14.3.1/../../../../arm-none-eabi/lib/thumb/v7-m/nofp/libc_nano.a(libc_a-nano-svfprintf.o)
                0x080090dc                __ssputs_r
 .text._svfprintf_r
                0x0800919c      0x1f0 /opt/st/stm32cubeide_2.1.1/plugins/com.st.stm32cube.ide.mcu.externaltools.gnu-tools-for-stm32.14.3.rel1.linux64_1.0.100.202602081740/tools/bin/../lib/gcc/arm-none-eabi/14.3.1/../../../../arm-none-eabi/lib/thumb/v7-m/nofp/libc_nano.a(libc_a-nano-svfprintf.o)
                0x0800919c                _svfprintf_r
                0x0800919c                _svfiprintf_r
 .text.__sfputc_r
                0x0800938c       0x2a /opt/st/stm32cubeide_2.1.1/plugins/com.st.stm32cube.ide.mcu.externaltools.gnu-tools-for-stm32.14.3.rel1.linux64_1.0.100.202602081740/tools/bin/../lib/gcc/arm-none-eabi/14.3.1/../../../../arm-none-eabi/lib/thumb/v7-m/nofp/libc_nano.a(libc_a-nano-vfprintf.o)
 .text.__sfputs_r
                0x080093b6       0x24 /opt/st/stm32cubeide_2.1.1/plugins/com.st.stm32cube.ide.mcu.externaltools.gnu-tools-for-stm32.14.3.rel1.linux64_1.0.100.202602081740/tools/bin/../lib/gcc/arm-none-eabi/14.3.1/../../../../arm-none-eabi/lib/thumb/v7-m/nofp/libc_nano.a(libc_a-nano-vfprintf.o)
                0x080093b6                __sfputs_r
 *fill*         0x080093da        0x2 
 .text._vfprintf_r
                0x080093dc      0x228 /opt/st/stm32cubeide_2.1.1/plugins/com.st.stm32cube.ide.mcu.externaltools.gnu-tools-for-stm32.14.3.rel1.linux64_1.0.100.202602081740/tools/bin/../lib/gcc/arm-none-eabi/14.3.1/../../../../arm-none-eabi/lib/thumb/v7-m/nofp/libc_nano.a(libc_a-nano-vfprintf.o)
                0x080093dc                _vfiprintf_r
                0x080093dc                _vfprintf_r
 .text._printf_common
                0x08009604       0xe4 /opt/st/stm32cubeide_2.1.1/plugins/com.st.stm32cube.ide.mcu.externaltools.gnu-tools-for-stm32.14.3.rel1.linux64_1.0.100.202602081740/tools/bin/../lib/gcc/arm-none-eabi/14.3.1/../../../../arm-none-eabi/lib/thumb/v7-m/nofp/libc_nano.a(libc_a-nano-vfprintf_i.o)
                0x08009604                _printf_common
 .text._printf_i
                0x080096e8      0x24c /opt/st/stm32cubeide_2.1.1/plugins/com.st.stm32cube.ide.mcu.externaltools.gnu-tools-for-stm32.14.3.rel1.linux64_1.0.100.202602081740/tools/bin/../lib/gcc/arm-none-eabi/14.3.1/../../../../arm-none-eabi/lib/thumb/v7-m/nofp/libc_nano.a(libc_a-nano-vfprintf_i.o)
                0x080096e8                _printf_i
 .text.__sflush_r
                0x08009934       0xfc /opt/st/stm32cubeide_2.1.1/plugins/com.st.stm32cube.ide.mcu.externaltools.gnu-tools-for-stm32.14.3.rel1.linux64_1.0.100.202602081740/tools/bin/../lib/gcc/arm-none-eabi/14.3.1/../../../../arm-none-eabi/lib/thumb/v7-m/nofp/libc_nano.a(libc_a-fflush.o)
                0x08009934                __sflush_r
 .text._fflush_r
                0x08009a30       0x50 /opt/st/stm32cubeide_2.1.1/plugins/com.st.stm32cube.ide.mcu.externaltools.gnu-tools-for-stm32.14.3.rel1.linux64_1.0.100.202602081740/tools/bin/../lib/gcc/arm-none-eabi/14.3.1/../../../../arm-none-eabi/lib/thumb/v7-m/nofp/libc_nano.a(libc_a-fflush.o)
                0x08009a30                _fflush_r
 .text.fprintf  0x08009a80       0x24 /opt/st/stm32cubeide_2.1.1/plugins/com.st.stm32cube.ide.mcu.externaltools.gnu-tools-for-stm32.14.3.rel1.linux64_1.0.100.202602081740/tools/bin/../lib/gcc/arm-none-eabi/14.3.1/../../../../arm-none-eabi/lib/thumb/v7-m/nofp/libc_nano.a(libc_a-fprintf.o)
                0x08009a80                fprintf
                0x08009a80                fiprintf
 .text.__swhatbuf_r
                0x08009aa4       0x48 /opt/st/stm32cubeide_2.1.1/plugins/com.st.stm32cube.ide.mcu.externaltools.gnu-tools-for-stm32.14.3.rel1.linux64_1.0.100.202602081740/tools/bin/../lib/gcc/arm-none-eabi/14.3.1/../../../../arm-none-eabi/lib/thumb/v7-m/nofp/libc_nano.a(libc_a-makebuf.o)
                0x08009aa4                __swhatbuf_r
 .text.__smakebuf_r
                0x08009aec       0x72 /opt/st/stm32cubeide_2.1.1/plugins/com.st.stm32cube.ide.mcu.externaltools.gnu-tools-for-stm32.14.3.rel1.linux64_1.0.100.202602081740/tools/bin/../lib/gcc/arm-none-eabi/14.3.1/../../../../arm-none-eabi/lib/thumb/v7-m/nofp/libc_nano.a(libc_a-makebuf.o)
                0x08009aec                __smakebuf_r
 .text.memmove  0x08009b5e       0x32 /opt/st/stm32cubeide_2.1.1/plugins/com.st.stm32cube.ide.mcu.externaltools.gnu-tools-for-stm32.14.3.rel1.linux64_1.0.100.202602081740/tools/bin/../lib/gcc/arm-none-eabi/14.3.1/../../../../arm-none-eabi/lib/thumb/v7-m/nofp/libc_nano.a(libc_a-memmove.o)
                0x08009b5e                memmove
 .text._fstat_r
                0x08009b90       0x24 /opt/st/stm32cubeide_2.1.1/plugins/com.st.stm32cube.ide.mcu.externaltools.gnu-tools-for-stm32.14.3.rel1.linux64_1.0.100.202602081740/tools/bin/../lib/gcc/arm-none-eabi/14.3.1/../../../../arm-none-eabi/lib/thumb/v7-m/nofp/libc_nano.a(libc_a-fstatr.o)
                0x08009b90                _fstat_r
 .text._isatty_r
                0x08009bb4       0x20 /opt/st/stm32cubeide_2.1.1/plugins/com.st.stm32cube.ide.mcu.externaltools.gnu-tools-for-stm32.14.3.rel1.linux64_1.0.100.202602081740/tools/bin/../lib/gcc/arm-none-eabi/14.3.1/../../../../arm-none-eabi/lib/thumb/v7-m/nofp/libc_nano.a(libc_a-isattyr.o)
                0x08009bb4                _isatty_r
 .text.memchr   0x08009bd4       0x1c /opt/st/stm32cubeide_2.1.1/plugins/com.st.stm32cube.ide.mcu.externaltools.gnu-tools-for-stm32.14.3.rel1.linux64_1.0.100.202602081740/tools/bin/../lib/gcc/arm-none-eabi/14.3.1/../../../../arm-none-eabi/lib/thumb/v7-m/nofp/libc_nano.a(libc_a-memchr-stub.o)
                0x08009bd4                memchr
 .text.abort    0x08009bf0        0xe /opt/st/stm32cubeide_2.1.1/plugins/com.st.stm32cube.ide.mcu.externaltools.gnu-tools-for-stm32.14.3.rel1.linux64_1.0.100.202602081740/tools/bin/../lib/gcc/arm-none-eabi/14.3.1/../../../../arm-none-eabi/lib/thumb/v7-m/nofp/libc_nano.a(libc_a-abort.o)
                0x08009bf0                abort
 .text._realloc_r
                0x08009bfe       0x5c /opt/st/stm32cubeide_2.1.1/plugins/com.st.stm32cube.ide.mcu.externaltools.gnu-tools-for-stm32.14.3.rel1.linux64_1.0.100.202602081740/tools/bin/../lib/gcc/arm-none-eabi/14.3.1/../../../../arm-none-eabi/lib/thumb/v7-m/nofp/libc_nano.a(libc_a-reallocr.o)
                0x08009bfe                _realloc_r
 .text._raise_r
                0x08009c5a       0x50 /opt/st/stm32cubeide_2.1.1/plugins/com.st.stm32cube.ide.mcu.externaltools.gnu-tools-for-stm32.14.3.rel1.linux64_1.0.100.202602081740/tools/bin/../lib/gcc/arm-none-eabi/14.3.1/../../../../arm-none-eabi/lib/thumb/v7-m/nofp/libc_nano.a(libc_a-signal.o)
                0x08009c5a                _raise_r
 *fill*         0x08009caa        0x2 
 .text.raise    0x08009cac       0x10 /opt/st/stm32cubeide_2.1.1/plugins/com.st.stm32cube.ide.mcu.externaltools.gnu-tools-for-stm32.14.3.rel1.linux64_1.0.100.202602081740/tools/bin/../lib/gcc/arm-none-eabi/14.3.1/../../../../arm-none-eabi/lib/thumb/v7-m/nofp/libc_nano.a(libc_a-signal.o)
                0x08009cac                raise
 .text._kill_r  0x08009cbc       0x24 /opt/st/stm32cubeide_2.1.1/plugins/com.st.stm32cube.ide.mcu.externaltools.gnu-tools-for-stm32.14.3.rel1.linux64_1.0.100.202602081740/tools/bin/../lib/gcc/arm-none-eabi/14.3.1/../../../../arm-none-eabi/lib/thumb/v7-m/nofp/libc_nano.a(libc_a-signalr.o)
                0x08009cbc                _kill_r
 .text._getpid_r
                0x08009ce0        0x4 /opt/st/stm32cubeide_2.1.1/plugins/com.st.stm32cube.ide.mcu.externaltools.gnu-tools-for-stm32.14.3.rel1.linux64_1.0.100.202602081740/tools/bin/../lib/gcc/arm-none-eabi/14.3.1/../../../../arm-none-eabi/lib/thumb/v7-m/nofp/libc_nano.a(libc_a-signalr.o)
                0x08009ce0                _getpid_r
 .text._malloc_usable_size_r
                0x08009ce4       0x10 /opt/st/stm32cubeide_2.1.1/plugins/com.st.stm32cube.ide.mcu.externaltools.gnu-tools-for-stm32.14.3.rel1.linux64_1.0.100.202602081740/tools/bin/../lib/gcc/arm-none-eabi/14.3.1/../../../../arm-none-eabi/lib/thumb/v7-m/nofp/libc_nano.a(libc_a-msizer.o)
                0x08009ce4                _malloc_usable_size_r
 *(.glue_7)
 .glue_7        0x08009cf4        0x0 linker stubs
 *(.glue_7t)
 .glue_7t       0x08009cf4        0x0 linker stubs
 *(.eh_frame)
 .eh_frame      0x08009cf4        0x0 /opt/st/stm32cubeide_2.1.1/plugins/com.st.stm32cube.ide.mcu.externaltools.gnu-tools-for-stm32.14.3.rel1.linux64_1.0.100.202602081740/tools/bin/../lib/gcc/arm-none-eabi/14.3.1/thumb/v7-m/nofp/crtbegin.o
 *(.init)
 .init          0x08009cf4        0x4 /opt/st/stm32cubeide_2.1.1/plugins/com.st.stm32cube.ide.mcu.externaltools.gnu-tools-for-stm32.14.3.rel1.linux64_1.0.100.202602081740/tools/bin/../lib/gcc/arm-none-eabi/14.3.1/thumb/v7-m/nofp/crti.o
                0x08009cf4                _init
 .init          0x08009cf8        0x8 /opt/st/stm32cubeide_2.1.1/plugins/com.st.stm32cube.ide.mcu.externaltools.gnu-tools-for-stm32.14.3.rel1.linux64_1.0.100.202602081740/tools/bin/../lib/gcc/arm-none-eabi/14.3.1/thumb/v7-m/nofp/crtn.o
 *(.fini)
 .fini          0x08009d00        0x4 /opt/st/stm32cubeide_2.1.1/plugins/com.st.stm32cube.ide.mcu.externaltools.gnu-tools-for-stm32.14.3.rel1.linux64_1.0.100.202602081740/tools/bin/../lib/gcc/arm-none-eabi/14.3.1/thumb/v7-m/nofp/crti.o
                0x08009d00                _fini
 .fini          0x08009d04        0x8 /opt/st/stm32cubeide_2.1.1/plugins/com.st.stm32cube.ide.mcu.externaltools.gnu-tools-for-stm32.14.3.rel1.linux64_1.0.100.202602081740/tools/bin/../lib/gcc/arm-none-eabi/14.3.1/thumb/v7-m/nofp/crtn.o
                0x08009d0c                        . = ALIGN (0x4)
                0x08009d0c                        _etext = .

.vfp11_veneer   0x08009d0c        0x0
 .vfp11_veneer  0x08009d0c        0x0 linker stubs

.v4_bx          0x08009d0c        0x0
 .v4_bx         0x08009d0c        0x0 linker stubs

.iplt           0x08009d0c        0x0
 .iplt          0x08009d0c        0x0 /opt/st/stm32cubeide_2.1.1/plugins/com.st.stm32cube.ide.mcu.externaltools.gnu-tools-for-stm32.14.3.rel1.linux64_1.0.100.202602081740/tools/bin/../lib/gcc/arm-none-eabi/14.3.1/thumb/v7-m/nofp/crtbegin.o

.rodata         0x08009d0c     0x14fc
                0x08009d0c                        . = ALIGN (0x4)
 *(.rodata)
 .rodata        0x08009d0c       0x12 ./Core/Src/W25Qxx.o
 *fill*         0x08009d1e        0x2 
 .rodata        0x08009d20       0x12 ./Core/Src/dhcp.o
 *fill*         0x08009d32        0x2 
 .rodata        0x08009d34      0x5f6 ./Core/Src/httpParser.o
 *fill*         0x0800a32a        0x2 
 .rodata        0x0800a32c      0x2c1 ./Core/Src/httpServer.o
 *fill*         0x0800a5ed        0x3 
 .rodata        0x0800a5f0        0xf ./Core/Src/httpUtil.o
 *fill*         0x0800a5ff        0x1 
 .rodata        0x0800a600       0x8c ./Core/Src/main.o
 *(.rodata*)
 .rodata.ERROR_HTML_PAGE
                0x0800a68c       0x99 ./Core/Src/httpServer.o
 *fill*         0x0800a725        0x3 
 .rodata.ERROR_REQUEST_PAGE
                0x0800a728       0x76 ./Core/Src/httpServer.o
 *fill*         0x0800a79e        0x2 
 .rodata.upload_page
                0x0800a7a0      0x85a ./Core/Src/main.o
                0x0800a7a0                upload_page
 *fill*         0x0800affa        0x2 
 .rodata.AHBPrescTable
                0x0800affc       0x10 ./Core/Src/system_stm32f1xx.o
                0x0800affc                AHBPrescTable
 .rodata.APBPrescTable
                0x0800b00c        0x8 ./Core/Src/system_stm32f1xx.o
                0x0800b00c                APBPrescTable
 .rodata.aPLLMULFactorTable.1
                0x0800b014       0x10 ./Drivers/STM32F1xx_HAL_Driver/Src/stm32f1xx_hal_rcc.o
 .rodata.aPredivFactorTable.0
                0x0800b024        0x2 ./Drivers/STM32F1xx_HAL_Driver/Src/stm32f1xx_hal_rcc.o
 .rodata._ctype_
                0x0800b026      0x101 /opt/st/stm32cubeide_2.1.1/plugins/com.st.stm32cube.ide.mcu.externaltools.gnu-tools-for-stm32.14.3.rel1.linux64_1.0.100.202602081740/tools/bin/../lib/gcc/arm-none-eabi/14.3.1/../../../../arm-none-eabi/lib/thumb/v7-m/nofp/libc_nano.a(libc_a-ctype_.o)
                0x0800b026                _ctype_
 .rodata.strtok.str1.1
                0x0800b127       0xe0 /opt/st/stm32cubeide_2.1.1/plugins/com.st.stm32cube.ide.mcu.externaltools.gnu-tools-for-stm32.14.3.rel1.linux64_1.0.100.202602081740/tools/bin/../lib/gcc/arm-none-eabi/14.3.1/../../../../arm-none-eabi/lib/thumb/v7-m/nofp/libc_nano.a(libc_a-strtok.o)
                                 0x71 (size before relaxing)
 .rodata.__assert_func.str1.1
                0x0800b207       0x3d /opt/st/stm32cubeide_2.1.1/plugins/com.st.stm32cube.ide.mcu.externaltools.gnu-tools-for-stm32.14.3.rel1.linux64_1.0.100.202602081740/tools/bin/../lib/gcc/arm-none-eabi/14.3.1/../../../../arm-none-eabi/lib/thumb/v7-m/nofp/libc_nano.a(libc_a-assert.o)
 .rodata._svfprintf_r.str1.1
                0x0800b207       0x11 /opt/st/stm32cubeide_2.1.1/plugins/com.st.stm32cube.ide.mcu.externaltools.gnu-tools-for-stm32.14.3.rel1.linux64_1.0.100.202602081740/tools/bin/../lib/gcc/arm-none-eabi/14.3.1/../../../../arm-none-eabi/lib/thumb/v7-m/nofp/libc_nano.a(libc_a-nano-svfprintf.o)
 .rodata._vfprintf_r.str1.1
                0x0800b207       0x11 /opt/st/stm32cubeide_2.1.1/plugins/com.st.stm32cube.ide.mcu.externaltools.gnu-tools-for-stm32.14.3.rel1.linux64_1.0.100.202602081740/tools/bin/../lib/gcc/arm-none-eabi/14.3.1/../../../../arm-none-eabi/lib/thumb/v7-m/nofp/libc_nano.a(libc_a-nano-vfprintf.o)
 .rodata._printf_i.str1.1
                0x0800b207       0x22 /opt/st/stm32cubeide_2.1.1/plugins/com.st.stm32cube.ide.mcu.externaltools.gnu-tools-for-stm32.14.3.rel1.linux64_1.0.100.202602081740/tools/bin/../lib/gcc/arm-none-eabi/14.3.1/../../../../arm-none-eabi/lib/thumb/v7-m/nofp/libc_nano.a(libc_a-nano-vfprintf_i.o)
                0x0800b244                        . = ALIGN (0x4)
 *fill*         0x0800b207        0x1 

.ARM.extab      0x0800b208        0x0
                0x0800b208                        . = ALIGN (0x4)
 *(.ARM.extab* .gnu.linkonce.armextab.*)
                0x0800b208                        . = ALIGN (0x4)

.ARM            0x0800b208        0x8
                0x0800b208                        . = ALIGN (0x4)
                0x0800b208                        __exidx_start = .
 *(.ARM.exidx*)
 .ARM.exidx     0x0800b208        0x8 /opt/st/stm32cubeide_2.1.1/plugins/com.st.stm32cube.ide.mcu.externaltools.gnu-tools-for-stm32.14.3.rel1.linux64_1.0.100.202602081740/tools/bin/../lib/gcc/arm-none-eabi/14.3.1/../../../../arm-none-eabi/lib/thumb/v7-m/nofp/libc_nano.a(libc_a-strcmp.o)
 .ARM.exidx     0x0800b210        0x0 /opt/st/stm32cubeide_2.1.1/plugins/com.st.stm32cube.ide.mcu.externaltools.gnu-tools-for-stm32.14.3.rel1.linux64_1.0.100.202602081740/tools/bin/../lib/gcc/arm-none-eabi/14.3.1/../../../../arm-none-eabi/lib/thumb/v7-m/nofp/libc_nano.a(libc_a-strlen.o)
                                  0x8 (size before relaxing)
                0x0800b210                        __exidx_end = .
                0x0800b210                        . = ALIGN (0x4)

.preinit_array  0x0800b210        0x0
                0x0800b210                        . = ALIGN (0x4)
                0x0800b210                        PROVIDE (__preinit_array_start = .)
 *(.preinit_array*)
                0x0800b210                        PROVIDE (__preinit_array_end = .)
                0x0800b210                        . = ALIGN (0x4)

.init_array     0x0800b210        0x4
                0x0800b210                        . = ALIGN (0x4)
                0x0800b210                        PROVIDE (__init_array_start = .)
 *(SORT_BY_NAME(.init_array.*))
 *(.init_array*)
 .init_array    0x0800b210        0x4 /opt/st/stm32cubeide_2.1.1/plugins/com.st.stm32cube.ide.mcu.externaltools.gnu-tools-for-stm32.14.3.rel1.linux64_1.0.100.202602081740/tools/bin/../lib/gcc/arm-none-eabi/14.3.1/thumb/v7-m/nofp/crtbegin.o
                0x0800b214                        PROVIDE (__init_array_end = .)
                0x0800b214                        . = ALIGN (0x4)

.fini_array     0x0800b214        0x4
                0x0800b214                        . = ALIGN (0x4)
                [!provide]                        PROVIDE (__fini_array_start = .)
 *(SORT_BY_NAME(.fini_array.*))
 *(.fini_array*)
 .fini_array    0x0800b214        0x4 /opt/st/stm32cubeide_2.1.1/plugins/com.st.stm32cube.ide.mcu.externaltools.gnu-tools-for-stm32.14.3.rel1.linux64_1.0.100.202602081740/tools/bin/../lib/gcc/arm-none-eabi/14.3.1/thumb/v7-m/nofp/crtbegin.o
                [!provide]                        PROVIDE (__fini_array_end = .)
                0x0800b218                        . = ALIGN (0x4)
                0x0800b218                        _sidata = LOADADDR (.data)

.rel.dyn        0x0800b218        0x0
 .rel.iplt      0x0800b218        0x0 /opt/st/stm32cubeide_2.1.1/plugins/com.st.stm32cube.ide.mcu.externaltools.gnu-tools-for-stm32.14.3.rel1.linux64_1.0.100.202602081740/tools/bin/../lib/gcc/arm-none-eabi/14.3.1/thumb/v7-m/nofp/crtbegin.o

.data           0x20000000       0xdc load address 0x0800b218
                0x20000000                        . = ALIGN (0x4)
                0x20000000                        _sdata = .
 *(.data)
 *(.data*)
 .data.dhcp_lease_time
                0x20000000        0x4 ./Core/Src/dhcp.o
                0x20000000                dhcp_lease_time
 .data.dhcp_tick_next
                0x20000004        0x4 ./Core/Src/dhcp.o
                0x20000004                dhcp_tick_next
 .data.HOST_NAME
                0x20000008        0x8 ./Core/Src/dhcp.o
                0x20000008                HOST_NAME
 .data.dhcp_ip_assign
                0x20000010        0x4 ./Core/Src/dhcp.o
                0x20000010                dhcp_ip_assign
 .data.dhcp_ip_update
                0x20000014        0x4 ./Core/Src/dhcp.o
                0x20000014                dhcp_ip_update
 .data.dhcp_ip_conflict
                0x20000018        0x4 ./Core/Src/dhcp.o
                0x20000018                dhcp_ip_conflict
 .data.HTTPServer_ReStart
                0x2000001c        0x4 ./Core/Src/httpServer.o
                0x2000001c                HTTPServer_ReStart
 .data.HTTPServer_WDT_Reset
                0x20000020        0x4 ./Core/Src/httpServer.o
                0x20000020                HTTPServer_WDT_Reset
 .data.socknumlist
                0x20000024        0x6 ./Core/Src/main.o
                0x20000024                socknumlist
 *fill*         0x2000002a        0x2 
 .data.net_info
                0x2000002c       0x17 ./Core/Src/main.o
                0x2000002c                net_info
 *fill*         0x20000043        0x1 
 .data.sock_any_port
                0x20000044        0x2 ./Core/Src/socket.o
 *fill*         0x20000046        0x2 
 .data.SystemCoreClock
                0x20000048        0x4 ./Core/Src/system_stm32f1xx.o
                0x20000048                SystemCoreClock
 .data.WIZCHIP  0x2000004c       0x2c ./Core/Src/wizchip_conf.o
                0x2000004c                WIZCHIP
 .data.uwTickPrio
                0x20000078        0x4 ./Drivers/STM32F1xx_HAL_Driver/Src/stm32f1xx_hal.o
                0x20000078                uwTickPrio
 .data.uwTickFreq
                0x2000007c        0x1 ./Drivers/STM32F1xx_HAL_Driver/Src/stm32f1xx_hal.o
                0x2000007c                uwTickFreq
 *fill*         0x2000007d        0x3 
 .data.__sglue  0x20000080        0xc /opt/st/stm32cubeide_2.1.1/plugins/com.st.stm32cube.ide.mcu.externaltools.gnu-tools-for-stm32.14.3.rel1.linux64_1.0.100.202602081740/tools/bin/../lib/gcc/arm-none-eabi/14.3.1/../../../../arm-none-eabi/lib/thumb/v7-m/nofp/libc_nano.a(libc_a-findfp.o)
                0x20000080                __sglue
 .data._impure_ptr
                0x2000008c        0x4 /opt/st/stm32cubeide_2.1.1/plugins/com.st.stm32cube.ide.mcu.externaltools.gnu-tools-for-stm32.14.3.rel1.linux64_1.0.100.202602081740/tools/bin/../lib/gcc/arm-none-eabi/14.3.1/../../../../arm-none-eabi/lib/thumb/v7-m/nofp/libc_nano.a(libc_a-impure.o)
                0x2000008c                _impure_ptr
 .data._impure_data
                0x20000090       0x4c /opt/st/stm32cubeide_2.1.1/plugins/com.st.stm32cube.ide.mcu.externaltools.gnu-tools-for-stm32.14.3.rel1.linux64_1.0.100.202602081740/tools/bin/../lib/gcc/arm-none-eabi/14.3.1/../../../../arm-none-eabi/lib/thumb/v7-m/nofp/libc_nano.a(libc_a-impure.o)
                0x20000090                _impure_data
 *(.RamFunc)
 *(.RamFunc*)
                0x200000dc                        . = ALIGN (0x4)
                0x200000dc                        _edata = .

.igot.plt       0x200000dc        0x0 load address 0x0800b2f4
 .igot.plt      0x200000dc        0x0 /opt/st/stm32cubeide_2.1.1/plugins/com.st.stm32cube.ide.mcu.externaltools.gnu-tools-for-stm32.14.3.rel1.linux64_1.0.100.202602081740/tools/bin/../lib/gcc/arm-none-eabi/14.3.1/thumb/v7-m/nofp/crtbegin.o
                0x200000dc                        . = ALIGN (0x4)

.bss            0x200000dc     0x14d8 load address 0x0800b2f4
                0x200000dc                        _sbss = .
                0x200000dc                        __bss_start__ = _sbss
 *(.bss)
 .bss           0x200000dc       0x1c /opt/st/stm32cubeide_2.1.1/plugins/com.st.stm32cube.ide.mcu.externaltools.gnu-tools-for-stm32.14.3.rel1.linux64_1.0.100.202602081740/tools/bin/../lib/gcc/arm-none-eabi/14.3.1/thumb/v7-m/nofp/crtbegin.o
 *(.bss*)
 .bss.hcrc      0x200000f8        0x8 ./Core/Src/crc.o
                0x200000f8                hcrc
 .bss.DHCP_SOCKET
                0x20000100        0x1 ./Core/Src/dhcp.o
                0x20000100                DHCP_SOCKET
 *fill*         0x20000101        0x3 
 .bss.DHCP_SIP  0x20000104        0x4 ./Core/Src/dhcp.o
                0x20000104                DHCP_SIP
 .bss.DHCP_REAL_SIP
                0x20000108        0x4 ./Core/Src/dhcp.o
                0x20000108                DHCP_REAL_SIP
 .bss.OLD_allocated_ip
                0x2000010c        0x4 ./Core/Src/dhcp.o
                0x2000010c                OLD_allocated_ip
 .bss.DHCP_allocated_ip
                0x20000110        0x4 ./Core/Src/dhcp.o
                0x20000110                DHCP_allocated_ip
 .bss.DHCP_allocated_gw
                0x20000114        0x4 ./Core/Src/dhcp.o
                0x20000114                DHCP_allocated_gw
 .bss.DHCP_allocated_sn
                0x20000118        0x4 ./Core/Src/dhcp.o
                0x20000118                DHCP_allocated_sn
 .bss.DHCP_allocated_dns
                0x2000011c        0x4 ./Core/Src/dhcp.o
                0x2000011c                DHCP_allocated_dns
 .bss.dhcp_state
                0x20000120        0x1 ./Core/Src/dhcp.o
                0x20000120                dhcp_state
 .bss.dhcp_retry_count
                0x20000121        0x1 ./Core/Src/dhcp.o
                0x20000121                dhcp_retry_count
 *fill*         0x20000122        0x2 
 .bss.dhcp_tick_1s
                0x20000124        0x4 ./Core/Src/dhcp.o
                0x20000124                dhcp_tick_1s
 .bss.DHCP_XID  0x20000128        0x4 ./Core/Src/dhcp.o
                0x20000128                DHCP_XID
 .bss.pDHCPMSG  0x2000012c        0x4 ./Core/Src/dhcp.o
                0x2000012c                pDHCPMSG
 .bss.DHCP_CHADDR
                0x20000130        0x6 ./Core/Src/dhcp.o
                0x20000130                DHCP_CHADDR
 *fill*         0x20000136        0x2 
 .bss.HTTPSock_Num
                0x20000138        0x8 ./Core/Src/httpServer.o
 .bss.http_request
                0x20000140        0x4 ./Core/Src/httpServer.o
 .bss.parsed_http_request
                0x20000144        0x4 ./Core/Src/httpServer.o
 .bss.http_response
                0x20000148        0x4 ./Core/Src/httpServer.o
 .bss.total_content_cnt
                0x2000014c        0x2 ./Core/Src/httpServer.o
 .bss.total_content_cnt_f
                0x2000014e        0x1 ./Core/Src/httpServer.o
 *fill*         0x2000014f        0x1 
 .bss.pHTTP_TX  0x20000150        0x4 ./Core/Src/httpServer.o
                0x20000150                pHTTP_TX
 .bss.pHTTP_RX  0x20000154        0x4 ./Core/Src/httpServer.o
                0x20000154                pHTTP_RX
 .bss.httpServer_tick_1s
                0x20000158        0x4 ./Core/Src/httpServer.o
                0x20000158                httpServer_tick_1s
 .bss.HTTPSock_Status
                0x2000015c      0x4a0 ./Core/Src/httpServer.o
                0x2000015c                HTTPSock_Status
 .bss.web_content
                0x200005fc       0xf0 ./Core/Src/httpServer.o
                0x200005fc                web_content
 .bss.flash_content
                0x200006ec       0x50 ./Core/Src/httpServer.o
                0x200006ec                flash_content
 .bss.RX_BUF    0x2000073c      0x400 ./Core/Src/main.o
                0x2000073c                RX_BUF
 .bss.TX_BUF    0x20000b3c      0x400 ./Core/Src/main.o
                0x20000b3c                TX_BUF
 .bss.ip_assigned
                0x20000f3c        0x1 ./Core/Src/main.o
                0x20000f3c                ip_assigned
 *fill*         0x20000f3d        0x3 
 .bss.dhcp_buffer
                0x20000f40      0x400 ./Core/Src/main.o
                0x20000f40                dhcp_buffer
 .bss.lsRn.0    0x20001340        0x4 ./Core/Src/main.o
 .bss.sock_io_mode
                0x20001344        0x2 ./Core/Src/socket.o
 .bss.sock_is_sending
                0x20001346        0x2 ./Core/Src/socket.o
 .bss.sock_remained_size
                0x20001348       0x10 ./Core/Src/socket.o
 .bss.sock_pack_info
                0x20001358        0x8 ./Core/Src/socket.o
                0x20001358                sock_pack_info
 .bss.hspi1     0x20001360       0x58 ./Core/Src/spi.o
                0x20001360                hspi1
 .bss.hspi2     0x200013b8       0x58 ./Core/Src/spi.o
                0x200013b8                hspi2
 .bss.__sbrk_heap_end
                0x20001410        0x4 ./Core/Src/sysmem.o
 .bss.huart1    0x20001414       0x48 ./Core/Src/usart.o
                0x20001414                huart1
 .bss._DNS_     0x2000145c        0x4 ./Core/Src/wizchip_conf.o
 .bss._DHCP_    0x20001460        0x1 ./Core/Src/wizchip_conf.o
 *fill*         0x20001461        0x3 
 .bss.uwTick    0x20001464        0x4 ./Drivers/STM32F1xx_HAL_Driver/Src/stm32f1xx_hal.o
                0x20001464                uwTick
 .bss.__malloc_sbrk_start
                0x20001468        0x4 /opt/st/stm32cubeide_2.1.1/plugins/com.st.stm32cube.ide.mcu.externaltools.gnu-tools-for-stm32.14.3.rel1.linux64_1.0.100.202602081740/tools/bin/../lib/gcc/arm-none-eabi/14.3.1/../../../../arm-none-eabi/lib/thumb/v7-m/nofp/libc_nano.a(libc_a-mallocr.o)
                0x20001468                __malloc_sbrk_start
 .bss.__malloc_free_list
                0x2000146c        0x4 /opt/st/stm32cubeide_2.1.1/plugins/com.st.stm32cube.ide.mcu.externaltools.gnu-tools-for-stm32.14.3.rel1.linux64_1.0.100.202602081740/tools/bin/../lib/gcc/arm-none-eabi/14.3.1/../../../../arm-none-eabi/lib/thumb/v7-m/nofp/libc_nano.a(libc_a-mallocr.o)
                0x2000146c                __malloc_free_list
 .bss.__sf      0x20001470      0x138 /opt/st/stm32cubeide_2.1.1/plugins/com.st.stm32cube.ide.mcu.externaltools.gnu-tools-for-stm32.14.3.rel1.linux64_1.0.100.202602081740/tools/bin/../lib/gcc/arm-none-eabi/14.3.1/../../../../arm-none-eabi/lib/thumb/v7-m/nofp/libc_nano.a(libc_a-findfp.o)
                0x20001470                __sf
 .bss.__stdio_exit_handler
                0x200015a8        0x4 /opt/st/stm32cubeide_2.1.1/plugins/com.st.stm32cube.ide.mcu.externaltools.gnu-tools-for-stm32.14.3.rel1.linux64_1.0.100.202602081740/tools/bin/../lib/gcc/arm-none-eabi/14.3.1/../../../../arm-none-eabi/lib/thumb/v7-m/nofp/libc_nano.a(libc_a-findfp.o)
                0x200015a8                __stdio_exit_handler
 .bss.errno     0x200015ac        0x4 /opt/st/stm32cubeide_2.1.1/plugins/com.st.stm32cube.ide.mcu.externaltools.gnu-tools-for-stm32.14.3.rel1.linux64_1.0.100.202602081740/tools/bin/../lib/gcc/arm-none-eabi/14.3.1/../../../../arm-none-eabi/lib/thumb/v7-m/nofp/libc_nano.a(libc_a-reent.o)
                0x200015ac                errno
 .bss.__lock___malloc_recursive_mutex
                0x200015b0        0x1 /opt/st/stm32cubeide_2.1.1/plugins/com.st.stm32cube.ide.mcu.externaltools.gnu-tools-for-stm32.14.3.rel1.linux64_1.0.100.202602081740/tools/bin/../lib/gcc/arm-none-eabi/14.3.1/../../../../arm-none-eabi/lib/thumb/v7-m/nofp/libc_nano.a(libc_a-lock.o)
                0x200015b0                __lock___malloc_recursive_mutex
 .bss.__lock___sfp_recursive_mutex
                0x200015b1        0x1 /opt/st/stm32cubeide_2.1.1/plugins/com.st.stm32cube.ide.mcu.externaltools.gnu-tools-for-stm32.14.3.rel1.linux64_1.0.100.202602081740/tools/bin/../lib/gcc/arm-none-eabi/14.3.1/../../../../arm-none-eabi/lib/thumb/v7-m/nofp/libc_nano.a(libc_a-lock.o)
                0x200015b1                __lock___sfp_recursive_mutex
 *(COMMON)
                0x200015b4                        . = ALIGN (0x4)
 *fill*         0x200015b2        0x2 
                0x200015b4                        _ebss = .
                0x200015b4                        __bss_end__ = _ebss

._user_heap_stack
                0x200015b4      0x604 load address 0x0800b2f4
                0x200015b8                        . = ALIGN (0x8)
 *fill*         0x200015b4        0x4 
                [!provide]                        PROVIDE (end = .)
                0x200015b8                        PROVIDE (_end = .)
                0x200017b8                        . = (. + _Min_Heap_Size)
 *fill*         0x200015b8      0x200 
                0x20001bb8                        . = (. + _Min_Stack_Size)
 *fill*         0x200017b8      0x400 
                0x20001bb8                        . = ALIGN (0x8)

/DISCARD/
 libc.a(*)
 libm.a(*)
 libgcc.a(*)

.ARM.attributes
                0x00000000       0x29
 *(.ARM.attributes)
 .ARM.attributes
                0x00000000       0x1d /opt/st/stm32cubeide_2.1.1/plugins/com.st.stm32cube.ide.mcu.externaltools.gnu-tools-for-stm32.14.3.rel1.linux64_1.0.100.202602081740/tools/bin/../lib/gcc/arm-none-eabi/14.3.1/thumb/v7-m/nofp/crti.o
 .ARM.attributes
                0x0000001d       0x2d /opt/st/stm32cubeide_2.1.1/plugins/com.st.stm32cube.ide.mcu.externaltools.gnu-tools-for-stm32.14.3.rel1.linux64_1.0.100.202602081740/tools/bin/../lib/gcc/arm-none-eabi/14.3.1/thumb/v7-m/nofp/crtbegin.o
 .ARM.attributes
                0x0000004a       0x2d ./Core/Src/W25Qxx.o
 .ARM.attributes
                0x00000077       0x2d ./Core/Src/crc.o
 .ARM.attributes
                0x000000a4       0x2d ./Core/Src/crcFunc.o
 .ARM.attributes
                0x000000d1       0x2d ./Core/Src/dhcp.o
 .ARM.attributes
                0x000000fe       0x2d ./Core/Src/gpio.o
 .ARM.attributes
                0x0000012b       0x2d ./Core/Src/httpParser.o
 .ARM.attributes
                0x00000158       0x2d ./Core/Src/httpServer.o
 .ARM.attributes
                0x00000185       0x2d ./Core/Src/httpUtil.o
 .ARM.attributes
                0x000001b2       0x2d ./Core/Src/main.o
 .ARM.attributes
                0x000001df       0x2d ./Core/Src/socket.o
 .ARM.attributes
                0x0000020c       0x2d ./Core/Src/spi.o
 .ARM.attributes
                0x00000239       0x2d ./Core/Src/stm32f1xx_hal_msp.o
 .ARM.attributes
                0x00000266       0x2d ./Core/Src/stm32f1xx_it.o
 .ARM.attributes
                0x00000293       0x2d ./Core/Src/syscalls.o
 .ARM.attributes
                0x000002c0       0x2d ./Core/Src/sysmem.o
 .ARM.attributes
                0x000002ed       0x2d ./Core/Src/system_stm32f1xx.o
 .ARM.attributes
                0x0000031a       0x2d ./Core/Src/usart.o
 .ARM.attributes
                0x00000347       0x2d ./Core/Src/w5500.o
 .ARM.attributes
                0x00000374       0x2d ./Core/Src/wizchip_conf.o
 .ARM.attributes
                0x000003a1       0x21 ./Core/Startup/startup_stm32f103c8tx.o
 .ARM.attributes
                0x000003c2       0x2d ./Drivers/STM32F1xx_HAL_Driver/Src/stm32f1xx_hal.o
 .ARM.attributes
                0x000003ef       0x2d ./Drivers/STM32F1xx_HAL_Driver/Src/stm32f1xx_hal_cortex.o
 .ARM.attributes
                0x0000041c       0x2d ./Drivers/STM32F1xx_HAL_Driver/Src/stm32f1xx_hal_crc.o
 .ARM.attributes
                0x00000449       0x2d ./Drivers/STM32F1xx_HAL_Driver/Src/stm32f1xx_hal_gpio.o
 .ARM.attributes
                0x00000476       0x2d ./Drivers/STM32F1xx_HAL_Driver/Src/stm32f1xx_hal_rcc.o
 .ARM.attributes
                0x000004a3       0x2d ./Drivers/STM32F1xx_HAL_Driver/Src/stm32f1xx_hal_spi.o
 .ARM.attributes
                0x000004d0       0x2d ./Drivers/STM32F1xx_HAL_Driver/Src/stm32f1xx_hal_uart.o
 .ARM.attributes
                0x000004fd       0x2d /opt/st/stm32cubeide_2.1.1/plugins/com.st.stm32cube.ide.mcu.externaltools.gnu-tools-for-stm32.14.3.rel1.linux64_1.0.100.202602081740/tools/bin/../lib/gcc/arm-none-eabi/14.3.1/../../../../arm-none-eabi/lib/thumb/v7-m/nofp/libc_nano.a(libc_a-malloc.o)
 .ARM.attributes
                0x0000052a       0x2d /opt/st/stm32cubeide_2.1.1/plugins/com.st.stm32cube.ide.mcu.externaltools.gnu-tools-for-stm32.14.3.rel1.linux64_1.0.100.202602081740/tools/bin/../lib/gcc/arm-none-eabi/14.3.1/../../../../arm-none-eabi/lib/thumb/v7-m/nofp/libc_nano.a(libc_a-mallocr.o)
 .ARM.attributes
                0x00000557       0x2d /opt/st/stm32cubeide_2.1.1/plugins/com.st.stm32cube.ide.mcu.externaltools.gnu-tools-for-stm32.14.3.rel1.linux64_1.0.100.202602081740/tools/bin/../lib/gcc/arm-none-eabi/14.3.1/../../../../arm-none-eabi/lib/thumb/v7-m/nofp/libc_nano.a(libc_a-mlock.o)
 .ARM.attributes
                0x00000584       0x2d /opt/st/stm32cubeide_2.1.1/plugins/com.st.stm32cube.ide.mcu.externaltools.gnu-tools-for-stm32.14.3.rel1.linux64_1.0.100.202602081740/tools/bin/../lib/gcc/arm-none-eabi/14.3.1/../../../../arm-none-eabi/lib/thumb/v7-m/nofp/libc_nano.a(libc_a-strtol.o)
 .ARM.attributes
                0x000005b1       0x2d /opt/st/stm32cubeide_2.1.1/plugins/com.st.stm32cube.ide.mcu.externaltools.gnu-tools-for-stm32.14.3.rel1.linux64_1.0.100.202602081740/tools/bin/../lib/gcc/arm-none-eabi/14.3.1/../../../../arm-none-eabi/lib/thumb/v7-m/nofp/libc_nano.a(libc_a-strtoul.o)
 .ARM.attributes
                0x000005de       0x2d /opt/st/stm32cubeide_2.1.1/plugins/com.st.stm32cube.ide.mcu.externaltools.gnu-tools-for-stm32.14.3.rel1.linux64_1.0.100.202602081740/tools/bin/../lib/gcc/arm-none-eabi/14.3.1/../../../../arm-none-eabi/lib/thumb/v7-m/nofp/libc_nano.a(libc_a-ctype_.o)
 .ARM.attributes
                0x0000060b       0x2d /opt/st/stm32cubeide_2.1.1/plugins/com.st.stm32cube.ide.mcu.externaltools.gnu-tools-for-stm32.14.3.rel1.linux64_1.0.100.202602081740/tools/bin/../lib/gcc/arm-none-eabi/14.3.1/../../../../arm-none-eabi/lib/thumb/v7-m/nofp/libc_nano.a(libc_a-findfp.o)
 .ARM.attributes
                0x00000638       0x2d /opt/st/stm32cubeide_2.1.1/plugins/com.st.stm32cube.ide.mcu.externaltools.gnu-tools-for-stm32.14.3.rel1.linux64_1.0.100.202602081740/tools/bin/../lib/gcc/arm-none-eabi/14.3.1/../../../../arm-none-eabi/lib/thumb/v7-m/nofp/libc_nano.a(libc_a-fwalk.o)
 .ARM.attributes
                0x00000665       0x2d /opt/st/stm32cubeide_2.1.1/plugins/com.st.stm32cube.ide.mcu.externaltools.gnu-tools-for-stm32.14.3.rel1.linux64_1.0.100.202602081740/tools/bin/../lib/gcc/arm-none-eabi/14.3.1/../../../../arm-none-eabi/lib/thumb/v7-m/nofp/libc_nano.a(libc_a-printf.o)
 .ARM.attributes
                0x00000692       0x2d /opt/st/stm32cubeide_2.1.1/plugins/com.st.stm32cube.ide.mcu.externaltools.gnu-tools-for-stm32.14.3.rel1.linux64_1.0.100.202602081740/tools/bin/../lib/gcc/arm-none-eabi/14.3.1/../../../../arm-none-eabi/lib/thumb/v7-m/nofp/libc_nano.a(libc_a-puts.o)
 .ARM.attributes
                0x000006bf       0x2d /opt/st/stm32cubeide_2.1.1/plugins/com.st.stm32cube.ide.mcu.externaltools.gnu-tools-for-stm32.14.3.rel1.linux64_1.0.100.202602081740/tools/bin/../lib/gcc/arm-none-eabi/14.3.1/../../../../arm-none-eabi/lib/thumb/v7-m/nofp/libc_nano.a(libc_a-sprintf.o)
 .ARM.attributes
                0x000006ec       0x2d /opt/st/stm32cubeide_2.1.1/plugins/com.st.stm32cube.ide.mcu.externaltools.gnu-tools-for-stm32.14.3.rel1.linux64_1.0.100.202602081740/tools/bin/../lib/gcc/arm-none-eabi/14.3.1/../../../../arm-none-eabi/lib/thumb/v7-m/nofp/libc_nano.a(libc_a-stdio.o)
 .ARM.attributes
                0x00000719       0x2d /opt/st/stm32cubeide_2.1.1/plugins/com.st.stm32cube.ide.mcu.externaltools.gnu-tools-for-stm32.14.3.rel1.linux64_1.0.100.202602081740/tools/bin/../lib/gcc/arm-none-eabi/14.3.1/../../../../arm-none-eabi/lib/thumb/v7-m/nofp/libc_nano.a(libc_a-wbuf.o)
 .ARM.attributes
                0x00000746       0x2d /opt/st/stm32cubeide_2.1.1/plugins/com.st.stm32cube.ide.mcu.externaltools.gnu-tools-for-stm32.14.3.rel1.linux64_1.0.100.202602081740/tools/bin/../lib/gcc/arm-none-eabi/14.3.1/../../../../arm-none-eabi/lib/thumb/v7-m/nofp/libc_nano.a(libc_a-wsetup.o)
 .ARM.attributes
                0x00000773       0x2d /opt/st/stm32cubeide_2.1.1/plugins/com.st.stm32cube.ide.mcu.externaltools.gnu-tools-for-stm32.14.3.rel1.linux64_1.0.100.202602081740/tools/bin/../lib/gcc/arm-none-eabi/14.3.1/../../../../arm-none-eabi/lib/thumb/v7-m/nofp/libc_nano.a(libc_a-memset.o)
 .ARM.attributes
                0x000007a0       0x2d /opt/st/stm32cubeide_2.1.1/plugins/com.st.stm32cube.ide.mcu.externaltools.gnu-tools-for-stm32.14.3.rel1.linux64_1.0.100.202602081740/tools/bin/../lib/gcc/arm-none-eabi/14.3.1/../../../../arm-none-eabi/lib/thumb/v7-m/nofp/libc_nano.a(libc_a-strcat.o)
 .ARM.attributes
                0x000007cd       0x2d /opt/st/stm32cubeide_2.1.1/plugins/com.st.stm32cube.ide.mcu.externaltools.gnu-tools-for-stm32.14.3.rel1.linux64_1.0.100.202602081740/tools/bin/../lib/gcc/arm-none-eabi/14.3.1/../../../../arm-none-eabi/lib/thumb/v7-m/nofp/libc_nano.a(libc_a-strncpy.o)
 .ARM.attributes
                0x000007fa       0x2d /opt/st/stm32cubeide_2.1.1/plugins/com.st.stm32cube.ide.mcu.externaltools.gnu-tools-for-stm32.14.3.rel1.linux64_1.0.100.202602081740/tools/bin/../lib/gcc/arm-none-eabi/14.3.1/../../../../arm-none-eabi/lib/thumb/v7-m/nofp/libc_nano.a(libc_a-strnlen.o)
 .ARM.attributes
                0x00000827       0x2d /opt/st/stm32cubeide_2.1.1/plugins/com.st.stm32cube.ide.mcu.externaltools.gnu-tools-for-stm32.14.3.rel1.linux64_1.0.100.202602081740/tools/bin/../lib/gcc/arm-none-eabi/14.3.1/../../../../arm-none-eabi/lib/thumb/v7-m/nofp/libc_nano.a(libc_a-strtok.o)
 .ARM.attributes
                0x00000854       0x2d /opt/st/stm32cubeide_2.1.1/plugins/com.st.stm32cube.ide.mcu.externaltools.gnu-tools-for-stm32.14.3.rel1.linux64_1.0.100.202602081740/tools/bin/../lib/gcc/arm-none-eabi/14.3.1/../../../../arm-none-eabi/lib/thumb/v7-m/nofp/libc_nano.a(libc_a-strtok_r.o)
 .ARM.attributes
                0x00000881       0x2d /opt/st/stm32cubeide_2.1.1/plugins/com.st.stm32cube.ide.mcu.externaltools.gnu-tools-for-stm32.14.3.rel1.linux64_1.0.100.202602081740/tools/bin/../lib/gcc/arm-none-eabi/14.3.1/../../../../arm-none-eabi/lib/thumb/v7-m/nofp/libc_nano.a(libc_a-strstr.o)
 .ARM.attributes
                0x000008ae       0x2d /opt/st/stm32cubeide_2.1.1/plugins/com.st.stm32cube.ide.mcu.externaltools.gnu-tools-for-stm32.14.3.rel1.linux64_1.0.100.202602081740/tools/bin/../lib/gcc/arm-none-eabi/14.3.1/../../../../arm-none-eabi/lib/thumb/v7-m/nofp/libc_nano.a(libc_a-closer.o)
 .ARM.attributes
                0x000008db       0x2d /opt/st/stm32cubeide_2.1.1/plugins/com.st.stm32cube.ide.mcu.externaltools.gnu-tools-for-stm32.14.3.rel1.linux64_1.0.100.202602081740/tools/bin/../lib/gcc/arm-none-eabi/14.3.1/../../../../arm-none-eabi/lib/thumb/v7-m/nofp/libc_nano.a(libc_a-reent.o)
 .ARM.attributes
                0x00000908       0x2d /opt/st/stm32cubeide_2.1.1/plugins/com.st.stm32cube.ide.mcu.externaltools.gnu-tools-for-stm32.14.3.rel1.linux64_1.0.100.202602081740/tools/bin/../lib/gcc/arm-none-eabi/14.3.1/../../../../arm-none-eabi/lib/thumb/v7-m/nofp/libc_nano.a(libc_a-impure.o)
 .ARM.attributes
                0x00000935       0x2d /opt/st/stm32cubeide_2.1.1/plugins/com.st.stm32cube.ide.mcu.externaltools.gnu-tools-for-stm32.14.3.rel1.linux64_1.0.100.202602081740/tools/bin/../lib/gcc/arm-none-eabi/14.3.1/../../../../arm-none-eabi/lib/thumb/v7-m/nofp/libc_nano.a(libc_a-lseekr.o)
 .ARM.attributes