../Core/Src/dhcp.c:256:6:default_ip_assign	8	static
../Core/Src/dhcp.c:263:6:default_ip_update	8	static
../Core/Src/dhcp.c:291:6:default_ip_conflict	8	static
../Core/Src/dhcp.c:319:6:reg_dhcp_cbfunc	24	static
../Core/Src/dhcp.c:335:6:makeDHCPMSG	24	static
../Core/Src/dhcp.c:399:6:send_DHCP_DISCOVER	32	static
../Core/Src/dhcp.c:483:6:send_DHCP_REQUEST	40	static
../Core/Src/dhcp.c:589:6:send_DHCP_DECLINE	32	static
../Core/Src/dhcp.c:659:8:parseDHCPMSG	48	static
../Core/Src/dhcp.c:789:9:DHCP_run	16	static
../Core/Src/dhcp.c:930:9:DHCP_stop	8	static
../Core/Src/dhcp.c:935:9:check_DHCP_timeout	16	static
../Core/Src/dhcp.c:987:8:check_DHCP_leasedIP	24	static
../Core/Src/dhcp.c:1030:6:DHCP_init	24	static
../Core/Src/dhcp.c:1069:6:reset_DHCP_timeout	4	static
../Core/Src/dhcp.c:1075:6:DHCP_time_handler	4	static
../Core/Src/dhcp.c:1079:6:getIPfromDHCP	16	static
../Core/Src/dhcp.c:1086:6:getGWfromDHCP	16	static
../Core/Src/dhcp.c:1093:6:getSNfromDHCP	16	static
../Core/Src/dhcp.c:1100:6:getDNSfromDHCP	16	static
../Core/Src/dhcp.c:1107:10:getDHCPLeasetime	4	static
../Core/Src/dhcp.c:1111:6:NibbleToHex	16	static
