../Core/Src/httpServer.c:72:6:default_mcu_reset	4	static
../Core/Src/httpServer.c:73:6:default_wdt_reset	4	static
../Core/Src/httpServer.c:85:6:read_from_flashbuf	24	static
../Core/Src/httpServer.c:89:6:http_send_w25q_file	688	static
../Core/Src/httpServer.c:116:6:httpServer_Sockinit	24	static
../Core/Src/httpServer.c:125:16:getHTTPSocketNum	16	static
../Core/Src/httpServer.c:130:15:getHTTPSequenceNum	24	static
../Core/Src/httpServer.c:141:6:httpServer_init	24	static
../Core/Src/httpServer.c:152:6:reg_httpServer_cbfunc	16	static
../Core/Src/httpServer.c:163:6:httpServer_run	48	static
../Core/Src/httpServer.c:314:13:send_http_response_header	24	static
../Core/Src/httpServer.c:358:13:send_http_response_body	40	static
../Core/Src/httpServer.c:499:13:send_http_response_cgi	40	static
../Core/Src/httpServer.c:514:15:http_disconnect	16	static
../Core/Src/httpServer.c:522:9:quick_parse	32	static
../Core/Src/httpServer.c:559:13:http_process_handler	2152	static
../Core/Src/httpServer.c:825:6:httpServer_time_handler	4	static
../Core/Src/httpServer.c:829:10:get_httpServer_timecount	4	static
../Core/Src/httpServer.c:833:6:reg_httpServer_webContent	32	static
../Core/Src/httpServer.c:854:6:reg_httpServer_flashContent	32	static
../Core/Src/httpServer.c:872:9:display_reg_webContent_list	16	static
../Core/Src/httpServer.c:899:9:find_userReg_webContent	32	static
../Core/Src/httpServer.c:915:9:find_userReg_flashContent	24	static
../Core/Src/httpServer.c:929:10:read_userReg_webContent	32	static
