../Drivers/CMSIS/Include/core_cm3.h:1762:34:__NVIC_SystemReset	4	static,ignoring_inline_asm
../Core/Src/main.c:78:5:cek_LAN	16	static
../Core/Src/main.c:88:6:wizchipSelect	8	static
../Core/Src/main.c:93:6:wizchipUnselect	8	static
../Core/Src/main.c:99:6:wizchipReadBurst	16	static
../Core/Src/main.c:103:6:wizchipWriteBurst	16	static
../Core/Src/main.c:107:9:wizchipReadByte	16	static
../Core/Src/main.c:113:6:wizchipWriteByte	16	static
../Core/Src/main.c:119:6:Callback_IPAssigned	4	static
../Core/Src/main.c:123:6:Callback_IPConflict	4	static
../Core/Src/main.c:130:6:W5500Init	296	static
../Core/Src/main.c:194:5:main	24	static
../Core/Src/main.c:263:6:SystemClock_Config	72	static
../Core/Src/main.c:299:6:UWriteData	16	static
../Core/Src/main.c:307:5:__io_putchar	16	static
../Core/Src/main.c:318:6:Error_Handler	4	static,ignoring_inline_asm
