../Core/Src/W25Qxx.c:18:6:W25Q_Delay	16	static
../Core/Src/W25Qxx.c:23:6:csLOW	8	static
../Core/Src/W25Qxx.c:29:6:csHIGH	8	static
../Core/Src/W25Qxx.c:35:6:SPI_Write	16	static
../Core/Src/W25Qxx.c:40:6:SPI_Read	16	static
../Core/Src/W25Qxx.c:47:6:W25Q_Reset	16	static
../Core/Src/W25Qxx.c:58:10:W25Q_ReadID	16	static
../Core/Src/W25Qxx.c:71:6:W25Q_Read	40	static
../Core/Src/W25Qxx.c:107:6:W25Q_FastRead	40	static
../Core/Src/W25Qxx.c:145:6:write_enable	16	static
../Core/Src/W25Qxx.c:154:6:write_disable	16	static
../Core/Src/W25Qxx.c:163:6:W25Q_Erase_Sector	32	static
../Core/Src/W25Qxx.c:200:10:bytestowrite	16	static
../Core/Src/W25Qxx.c:206:10:w25q_read_u32	24	static
../Core/Src/W25Qxx.c:213:6:hapus_sector	40	static
../Core/Src/W25Qxx.c:230:6:W25Q_Write_Page	344	static
../Core/Src/W25Qxx.c:310:6:W25Q_Write_Page1	336	static
